Archive member included because of file (symbol)

/home/afrendy/projdb/koding/atinom/modul/TOOLCHAIN/bin/../lib/gcc/arm-elf/4.1.0/../../../../arm-elf/lib/thumb/interwork/libc.a(atoi.o)
                              cmd/sh_data.o (atoi)
/home/afrendy/projdb/koding/atinom/modul/TOOLCHAIN/bin/../lib/gcc/arm-elf/4.1.0/../../../../arm-elf/lib/thumb/interwork/libc.a(memcpy.o)
                              hardware/iap.o (memcpy)
/home/afrendy/projdb/koding/atinom/modul/TOOLCHAIN/bin/../lib/gcc/arm-elf/4.1.0/../../../../arm-elf/lib/thumb/interwork/libc.a(memset.o)
                              ../../../Source/tasks.o (memset)
/home/afrendy/projdb/koding/atinom/modul/TOOLCHAIN/bin/../lib/gcc/arm-elf/4.1.0/../../../../arm-elf/lib/thumb/interwork/libc.a(puts.o)
                              cmd/manual.o (puts)
/home/afrendy/projdb/koding/atinom/modul/TOOLCHAIN/bin/../lib/gcc/arm-elf/4.1.0/../../../../arm-elf/lib/thumb/interwork/libc.a(rand.o)
                              hardware/iap.o (rand)
/home/afrendy/projdb/koding/atinom/modul/TOOLCHAIN/bin/../lib/gcc/arm-elf/4.1.0/../../../../arm-elf/lib/thumb/interwork/libc.a(sprintf.o)
                              cmd/sh_data.o (sprintf)
/home/afrendy/projdb/koding/atinom/modul/TOOLCHAIN/bin/../lib/gcc/arm-elf/4.1.0/../../../../arm-elf/lib/thumb/interwork/libc.a(sscanf.o)
                              cmd/sh_rtc.o (sscanf)
/home/afrendy/projdb/koding/atinom/modul/TOOLCHAIN/bin/../lib/gcc/arm-elf/4.1.0/../../../../arm-elf/lib/thumb/interwork/libc.a(strchr.o)
                              cmd/sh_utils.o (strchr)
/home/afrendy/projdb/koding/atinom/modul/TOOLCHAIN/bin/../lib/gcc/arm-elf/4.1.0/../../../../arm-elf/lib/thumb/interwork/libc.a(strcmp.o)
                              cmd/sh_data.o (strcmp)
/home/afrendy/projdb/koding/atinom/modul/TOOLCHAIN/bin/../lib/gcc/arm-elf/4.1.0/../../../../arm-elf/lib/thumb/interwork/libc.a(strcpy.o)
                              cmd/sh_data.o (strcpy)
/home/afrendy/projdb/koding/atinom/modul/TOOLCHAIN/bin/../lib/gcc/arm-elf/4.1.0/../../../../arm-elf/lib/thumb/interwork/libc.a(strlen.o)
                              cmd/sh_data.o (strlen)
/home/afrendy/projdb/koding/atinom/modul/TOOLCHAIN/bin/../lib/gcc/arm-elf/4.1.0/../../../../arm-elf/lib/thumb/interwork/libc.a(strstr.o)
                              cmd/sh_utils.o (strstr)
/home/afrendy/projdb/koding/atinom/modul/TOOLCHAIN/bin/../lib/gcc/arm-elf/4.1.0/../../../../arm-elf/lib/thumb/interwork/libc.a(strtol.o)
                              /home/afrendy/projdb/koding/atinom/modul/TOOLCHAIN/bin/../lib/gcc/arm-elf/4.1.0/../../../../arm-elf/lib/thumb/interwork/libc.a(atoi.o) (_strtol_r)
/home/afrendy/projdb/koding/atinom/modul/TOOLCHAIN/bin/../lib/gcc/arm-elf/4.1.0/../../../../arm-elf/lib/thumb/interwork/libc.a(vfprintf.o)
                              /home/afrendy/projdb/koding/atinom/modul/TOOLCHAIN/bin/../lib/gcc/arm-elf/4.1.0/../../../../arm-elf/lib/thumb/interwork/libc.a(sprintf.o) (_vfprintf_r)
/home/afrendy/projdb/koding/atinom/modul/TOOLCHAIN/bin/../lib/gcc/arm-elf/4.1.0/../../../../arm-elf/lib/thumb/interwork/libc.a(vfscanf.o)
                              /home/afrendy/projdb/koding/atinom/modul/TOOLCHAIN/bin/../lib/gcc/arm-elf/4.1.0/../../../../arm-elf/lib/thumb/interwork/libc.a(sscanf.o) (__svfscanf_r)
/home/afrendy/projdb/koding/atinom/modul/TOOLCHAIN/bin/../lib/gcc/arm-elf/4.1.0/../../../../arm-elf/lib/thumb/interwork/libc.a(vsprintf.o)
                              app/ap_serial.o (vsprintf)
/home/afrendy/projdb/koding/atinom/modul/TOOLCHAIN/bin/../lib/gcc/arm-elf/4.1.0/../../../../arm-elf/lib/thumb/interwork/libc.a(wcrtomb.o)
                              /home/afrendy/projdb/koding/atinom/modul/TOOLCHAIN/bin/../lib/gcc/arm-elf/4.1.0/../../../../arm-elf/lib/thumb/interwork/libc.a(vfprintf.o) (_wcrtomb_r)
/home/afrendy/projdb/koding/atinom/modul/TOOLCHAIN/bin/../lib/gcc/arm-elf/4.1.0/../../../../arm-elf/lib/thumb/interwork/libc.a(wcsrtombs.o)
                              /home/afrendy/projdb/koding/atinom/modul/TOOLCHAIN/bin/../lib/gcc/arm-elf/4.1.0/../../../../arm-elf/lib/thumb/interwork/libc.a(vfprintf.o) (_wcsrtombs_r)
/home/afrendy/projdb/koding/atinom/modul/TOOLCHAIN/bin/../lib/gcc/arm-elf/4.1.0/../../../../arm-elf/lib/thumb/interwork/libc.a(wctomb_r.o)
                              /home/afrendy/projdb/koding/atinom/modul/TOOLCHAIN/bin/../lib/gcc/arm-elf/4.1.0/../../../../arm-elf/lib/thumb/interwork/libc.a(wcrtomb.o) (_wctomb_r)
/home/afrendy/projdb/koding/atinom/modul/TOOLCHAIN/bin/../lib/gcc/arm-elf/4.1.0/../../../../arm-elf/lib/thumb/interwork/libc.a(wsetup.o)
                              /home/afrendy/projdb/koding/atinom/modul/TOOLCHAIN/bin/../lib/gcc/arm-elf/4.1.0/../../../../arm-elf/lib/thumb/interwork/libc.a(vfprintf.o) (__swsetup)
/home/afrendy/projdb/koding/atinom/modul/TOOLCHAIN/bin/../lib/gcc/arm-elf/4.1.0/../../../../arm-elf/lib/thumb/interwork/libc.a(ctype_.o)
[...]
Memory Configuration

Name             Origin             Length             Attributes
flash            0x00000000         0x0007d000
ram              0x40000000         0x0000ffe0
usbram           0x7fd00000         0x00004000
ethram           0x7fe00000         0x00004000
rtcram           0xe0084000         0x00000400
*default*        0x00000000         0xffffffff

Linker script and memory map

LOAD ../../../Source/portable/GCC/ARM7_LPC23xx/portISR.o
LOAD modul/serial/serialISR.o
LOAD main.o
LOAD hardware/hardware.o
LOAD hardware/cpu_setup.o
LOAD hardware/syscalls.o
LOAD hardware/iap.o
LOAD cmd/sh_data.o
LOAD hardware/spi_ssp.o
LOAD app/ap_rpm.o
LOAD app/ap_ambilcepat.o
LOAD ../../../Source/list.o
LOAD ../../../Source/queue.o
LOAD ../../../Source/tasks.o
LOAD ../../../Source/portable/GCC/ARM7_LPC23xx/port.o
LOAD ../../../Source/portable/MemMang/heap_2.o
LOAD cmd/sh_rtos.o
LOAD cmd/sh_hardware.o
LOAD cmd/sh_env.o
LOAD cmd/sh_utils.o
LOAD cmd/sh_sumber.o
LOAD cmd/manual.o
LOAD app/ap_utils.o
LOAD modul/serial/serial.o
LOAD app/ap_serial.o
LOAD modul/tinysh/tinysh.o
LOAD cmd/sh_relay.o
LOAD modul/modbus/mb.o
LOAD cmd/sh_rtc.o
LOAD modul/ff/ff9b/src/ff.o
LOAD modul/ff/ff9b/src/diskio.o
LOAD modul/ff/sdc.o
LOAD cmd/sh_sdc.o
LOAD /home/afrendy/projdb/koding/atinom/modul/TOOLCHAIN/bin/../lib/gcc/arm-elf/4.1.0/../../../../arm-elf/lib/thumb/interwork/libc.a
LOAD /home/afrendy/projdb/koding/atinom/modul/TOOLCHAIN/bin/../lib/gcc/arm-elf/4.1.0/thumb/interwork/libgcc.a
LOAD /home/afrendy/projdb/koding/atinom/modul/TOOLCHAIN/bin/../lib/gcc/arm-elf/4.1.0/../../../../arm-elf/lib/thumb/interwork/libm.a
LOAD /tmp/cc37JPro.o
START GROUP
LOAD /home/afrendy/projdb/koding/atinom/modul/TOOLCHAIN/bin/../lib/gcc/arm-elf/4.1.0/thumb/interwork/libgcc.a
LOAD /home/afrendy/projdb/koding/atinom/modul/TOOLCHAIN/bin/../lib/gcc/arm-elf/4.1.0/../../../../arm-elf/lib/thumb/interwork/libc.a
END GROUP
                0x4000fffc                __stack_end__ = 0x4000fffc
                0x00000000                . = 0x0

startup         0x00000000       0x44
 *(.startup)
 .startup       0x00000000       0x44 /tmp/cc37JPro.o

prog            0x00000044    0x1c944
 *(.text)
 .text          0x00000044      0x280 ../../../Source/portable/GCC/ARM7_LPC23xx/portISR.o
                0x0000013c                vPreemptiveTick
                0x0000026c                vPortExitCritical
                0x00000090                vPortYieldProcessor
                0x0000020c                vPortDisableInterruptsFromThumb
                0x00000044                vPortISRStartFirstTask
                0x00000224                vPortEnableInterruptsFromThumb
                0x0000023c                vPortEnterCritical
 .text          0x000002c4      0x294 modul/serial/serialISR.o
                0x000002c4                vSerialISRCreateQueues
                0x00000414                vUART_ISR_Handler
                0x0000036c                vUART_ISR_Wrapper
 .text          0x00000558      0x208 main.o
                0x00000614                init_led
                0x000005ec                vApplicationTickHook
                0x00000558                main
                0x000005f0                stat_ps
                0x000005dc                vApplicationIdleHook
 .text          0x00000760      0x4c4 hardware/hardware.o
                0x00000760                setup_hardware
                0x00000898                setup_konter_onoff
                0x00000858                init_hardware
                0x00000b54                rtcWrite
                0x00000a88                gpio_init
 .text          0x00000c24      0x108 hardware/cpu_setup.o
                0x00000c24                sysInit
                0x00000cec                reset_cpu
                0x00000cc0                setup_watchdog
                0x00000d18                pll_feed
 .text          0x00000d2c      0x168 hardware/syscalls.o
                0x00000e04                _lseek_r
                0x00000e24                _fstat_r
                0x00000e54                _sbrk_r
                0x00000d2c                _read_r
                0x00000e44                _isatty
                0x00000df0                _close_r
                0x00000dcc                _write_r
 .text          0x00000e94      0xb5c hardware/iap.o
                0x00001580                baca_konfig_rom
                0x00001498                simpan_rom
                0x00001624                simpan_st_rom
                0x0000152c                generate_data_random
                0x000010f0                hapuskan_sektor
                0x0000108c                iapCopyMemorySector
                0x00001178                hitung_ram
                0x00000f00                iapReadBootVersion
                0x000011c4                simpan_data_rom
                0x00000ecc                iapReadSerialNumber
                0x00001328                alamat_sektor
                0x00001030                iapEraseSector
                0x000012f0                ukuran_rom
                0x00000e94                iap_entry
                0x000013b4                kopikan_sektor_tmp
                0x00000f34                iapReadBlankSector
                0x00000fd4                iapJob
                0x00000f84                iapPrepareSector
 .text          0x000019f0      0xdb4 cmd/sh_data.o
                0x00001d5c                set_data
                0x000019f0                cek_data
                0x00002574                set_data_default
 .text          0x000027a4      0x258 hardware/spi_ssp.o
                0x00002828                SSP0Send
                0x000028b8                init_ssp1
                0x000027a4                init_ssp0_sdc
                0x000027a8                init_ssp0
                0x00002864                SSP0Receive
                0x00002960                SSP1Receive
                0x00002890                SSP0byte
                0x00002924                SSP1Send
                0x0000298c                SSP1Terima
 .text          0x000029fc      0x3ac app/ap_rpm.o
                0x00002cd4                data_frek_rpm
                0x00002b10                reset_konter
                0x00002ad8                set_konter_onoff
                0x000029fc                set_konter_rpm
                0x00002c00                hitung_rpm
 .text          0x00002da8       0x94 app/ap_ambilcepat.o
                0x00002da8                init_ambilCepatTasks
 .text          0x00002e3c      0x1b8 ../../../Source/list.o
                0x00002e98                vListInsertEnd
                0x00002e84                vListInitialiseItem
                0x00002e3c                vListInitialise
                0x00002f8c                uxListRemove
                0x00002ef4                vListInsert
 .text          0x00002ff4      0xab0 ../../../Source/queue.o
                0x00003370                xQueueGenericSendFromISR
                0x0000368c                xQueuePeekFromISR
                0x00003734                vQueueDelete
                0x00003218                xQueueGenericSend
                0x00003760                ucQueueGetQueueNumber
                0x00003794                ucQueueGetQueueType
                0x000035e4                xQueueReceiveFromISR
                0x000030bc                xQueueGenericCreate
                0x00003778                vQueueSetQueueNumber
                0x00003a74                xQueueIsQueueFullFromISR
                0x000036f0                uxQueueMessagesWaiting
                0x00003420                xQueueGenericReceive
                0x00002ff4                xQueueGenericReset
                0x00003718                uxQueueMessagesWaitingFromISR
                0x00003a10                xQueueIsQueueEmptyFromISR
                0x0000316c                xQueueCreateMutex
 .text          0x00003aa4     0x148c ../../../Source/tasks.o
                0x00004060                vTaskEndScheduler
                0x00004590                vTaskPlaceOnEventList
                0x00003aa4                xTaskGenericCreate
                0x00003e08                xTaskIsTaskSuspended
                0x00003f24                xTaskResumeFromISR
                0x000041b0                xTaskGetTickCount
                0x00004200                uxTaskGetSystemState
                0x00004600                xTaskRemoveFromEventList
                0x000046ec                xTaskCheckForTimeOut
                0x00004078                vTaskSuspendAll
                0x000041d4                xTaskGetTickCountFromISR
                0x00004d28                vTaskPriorityDisinherit
                0x00004c4c                vTaskPriorityInherit
                0x00003e7c                vTaskResume
                0x000044f0                vTaskSwitchContext
                0x000047dc                vTaskSetTaskNumber
                0x00003d64                vTaskSuspend
                0x000041f4                uxTaskGetNumberOfTasks
                0x00004dc4                vTaskList
                0x000047a8                uxTaskGetTaskNumber
                0x00003c3c                vTaskDelayUntil
                0x00004c34                xTaskGetCurrentTaskHandle
                0x00004088                xTaskResumeAll
                0x00003ff8                vTaskStartScheduler
                0x0000479c                vTaskMissedYield
                0x00004320                xTaskIncrementTick
                0x00003d04                vTaskDelay
                0x000046c4                vTaskSetTimeOutState
 .text          0x00004f30      0x258 ../../../Source/portable/GCC/ARM7_LPC23xx/port.o
                0x000050f0                xPortStartScheduler
                0x00005104                vPortEndScheduler
                0x00004f30                pxPortInitialiseStack
 .text          0x00005188      0x298 ../../../Source/portable/MemMang/heap_2.o
                0x000053b8                xPortGetFreeHeapSize
                0x00005318                vPortFree
                0x00005188                pvPortMalloc
                0x000053c4                vPortInitialiseBlocks
 .text          0x00005420       0x68 cmd/sh_rtos.o
                0x00005484                cek_memory_stack
                0x00005420                task_list
 .text          0x00005488      0x8d4 cmd/sh_hardware.o
                0x00005488                idle_tick
                0x00005638                simpan_struct_rom
                0x000054ac                cek_blank_sector_rom
                0x00005970                simpan_sector_rom
                0x000055a0                hapus_sector_rom
                0x00005c20                kopi_sektor
                0x00005cb8                baca_rom
 .text          0x00005d5c      0x64c cmd/sh_env.o
                0x000060f0                set_env_default
                0x00005d5c                cek_env
                0x00005e10                set_env
 .text          0x000063a8      0x320 cmd/sh_utils.o
                0x00006644                parsing_istilah
                0x00006510                cek_jml_struct
                0x0000660c                nIstilah
                0x000064b8                cek_no_struct
                0x000063f4                baca_ip
                0x000063a8                cek_nomor_valid
                0x00006554                cek_struct
 .text          0x000066c8      0x754 cmd/sh_sumber.o
                0x000066c8                cek_sumber
                0x00006868                set_sumber
                0x00006c6c                set_sumber_default
 .text          0x00006e1c      0x25c cmd/manual.o
                0x00006e1c                sumber_kitab
                0x00006f3c                data_kitab
                0x00006e30                env_kitab
 .text          0x00007078      0x268 modul/serial/serial.o
                0x000072d4                vSerialClose
                0x000071d8                vSerialPutString
                0x00007228                xSerialPutChar
                0x00007194                xSerialGetChar
                0x00007078                xSerialPortInitMinimal
 .text          0x000072e0      0x618 app/ap_serial.o
                0x00007798                qsprintf
                0x000077e8                uprintf
                0x00007588                cmd_shell
                0x00007874                printf0
                0x00007494                init_banner
                0x00007384                qrprintf
                0x00007410                vAltStartComTestTasks
                0x000072e0                printd
 .text          0x000078f8     0x10d8 modul/tinysh/tinysh.o
                0x00008798                tinysh_char_in
                0x000087b4                tinysh_add_command
                0x00008848                tinysh_set_prompt
                0x000088a4                tinysh_get_arg
                0x000088b0                tinysh_atoxi
                0x000079cc                strstart
 .text          0x000089d0      0x330 cmd/sh_rtc.o
                0x00008a08                set_date
                0x00008c0c                get_cal
                0x000089d0                set_date_kitab
                0x00008bb8                cek_flag_RTC_sh
                0x00008bbc                init_RTC_sh
 .text          0x00008d00     0x4dd8 modul/ff/ff9b/src/ff.o
                0x000092d0                get_fat
                0x0000c504                f_getcwd
                0x0000d8a0                f_rename
                0x0000c45c                f_chdir
                0x0000d04c                f_truncate
                0x0000d1c4                f_unlink
                0x0000c42c                f_chdrive
                0x0000c3f8                f_close
                0x0000b978                f_read
                0x0000cc6c                f_readdir
                0x0000d6a4                f_chmod
                0x0000c200                f_sync
                0x0000b584                f_mount
                0x0000cb64                f_opendir
                0x000094b8                put_fat
                0x0000c768                f_lseek
                0x0000cd28                f_stat
                0x00009284                clust2sect
                0x0000d79c                f_utime
                0x0000bd7c                f_write
                0x0000b62c                f_open
                0x0000d36c                f_mkdir
                0x0000cd9c                f_getfree
                0x00008d00                ket_fs
 .text          0x0000dad8      0x23c modul/ff/ff9b/src/diskio.o
                0x0000dad8                disk_initialize
                0x0000db1c                disk_status
                0x0000dbdc                disk_ioctl
                0x0000dc28                get_fattime
                0x0000dbb4                disk_write
                0x0000db54                disk_read
 .text          0x0000dd14     0x1cac modul/ff/sdc.o
                0x0000dd7c                respon_SDcmd
                0x0000e238                sdc_info
                0x0000de00                SDC_ioctl
                0x0000e898                sdc_read
                0x0000ec6c                SD_WriteCmd
                0x0000f374                init_sdc
                0x0000e9ac                tulis_block_sdc
                0x0000dd14                cek_ins_sdc
                0x0000dd3c                SD_kirimCmd
                0x0000dfc0                sdc_ket
                0x0000ee10                sdc_infox
                0x0000f750                Microsd_crc16
                0x0000e408                sdc_init
                0x0000f844                Microsd_SendCmd
                0x0000f694                Microsd_crc7
                0x0000eb64                cek_versi2_sdc
                0x0000edb0                flush_ssp_spi
                0x0000f8ec                Microsd_SendCmd_nocrc
                0x0000f324                cek_status_sdc
 .text          0x0000f9c0      0x20c cmd/sh_sdc.o
                0x0000fa64                sh_cek_read_sdc
                0x0000f9f4                mount_disk
                0x0000fb28                sh_baca_sektor
                0x0000f9c0                sh_cek_status_sdc
                0x0000fa90                sh_cek_free_cluster
 .text          0x0000fbcc       0x20 /home/afrendy/projdb/koding/atinom/modul/TOOLCHAIN/bin/../lib/gcc/arm-elf/4.1.0/../../../../arm-elf/lib/thumb/interwork/libc.a(atoi.o)
                0x0000fbcc                _atoi_r
                0x0000fbdc                atoi
 .text          0x0000fbec       0x64 /home/afrendy/projdb/koding/atinom/modul/TOOLCHAIN/bin/../lib/gcc/arm-elf/4.1.0/../../../../arm-elf/lib/thumb/interwork/libc.a(memcpy.o)
                0x0000fbec                memcpy
 .text          0x0000fc50       0x64 /home/afrendy/projdb/koding/atinom/modul/TOOLCHAIN/bin/../lib/gcc/arm-elf/4.1.0/../../../../arm-elf/lib/thumb/interwork/libc.a(memset.o)
                0x0000fc50                memset
 .text          0x0000fcb4       0x5c /home/afrendy/projdb/koding/atinom/modul/TOOLCHAIN/bin/../lib/gcc/arm-elf/4.1.0/../../../../arm-elf/lib/thumb/interwork/libc.a(puts.o)
                0x0000fcb4                _puts_r
                0x0000fcfc                puts
 .text          0x0000fd10       0x50 /home/afrendy/projdb/koding/atinom/modul/TOOLCHAIN/bin/../lib/gcc/arm-elf/4.1.0/../../../../arm-elf/lib/thumb/interwork/libc.a(rand.o)
                0x0000fd24                rand
                0x0000fd10                srand
 .text          0x0000fd60       0x84 /home/afrendy/projdb/koding/atinom/modul/TOOLCHAIN/bin/../lib/gcc/arm-elf/4.1.0/../../../../arm-elf/lib/thumb/interwork/libc.a(sprintf.o)
                0x0000fda4                _sprintf_r
                0x0000fd60                sprintf
 .text          0x0000fde4       0xac /home/afrendy/projdb/koding/atinom/modul/TOOLCHAIN/bin/../lib/gcc/arm-elf/4.1.0/../../../../arm-elf/lib/thumb/interwork/libc.a(sscanf.o)
                0x0000fe40                sscanf
                0x0000fde8                _sscanf_r
 .text          0x0000fe90       0x7c /home/afrendy/projdb/koding/atinom/modul/TOOLCHAIN/bin/../lib/gcc/arm-elf/4.1.0/../../../../arm-elf/lib/thumb/interwork/libc.a(strchr.o)
                0x0000fe90                strchr
 .text          0x0000ff0c       0x68 /home/afrendy/projdb/koding/atinom/modul/TOOLCHAIN/bin/../lib/gcc/arm-elf/4.1.0/../../../../arm-elf/lib/thumb/interwork/libc.a(strcmp.o)
                0x0000ff0c                strcmp
 .text          0x0000ff74       0x50 /home/afrendy/projdb/koding/atinom/modul/TOOLCHAIN/bin/../lib/gcc/arm-elf/4.1.0/../../../../arm-elf/lib/thumb/interwork/libc.a(strcpy.o)
                0x0000ff74                strcpy
 .text          0x0000ffc4       0x50 /home/afrendy/projdb/koding/atinom/modul/TOOLCHAIN/bin/../lib/gcc/arm-elf/4.1.0/../../../../arm-elf/lib/thumb/interwork/libc.a(strlen.o)
                0x0000ffc4                strlen
 .text          0x00010014       0x3c /home/afrendy/projdb/koding/atinom/modul/TOOLCHAIN/bin/../lib/gcc/arm-elf/4.1.0/../../../../arm-elf/lib/thumb/interwork/libc.a(strstr.o)
                0x00010014                strstr
 .text          0x00010050      0x168 /home/afrendy/projdb/koding/atinom/modul/TOOLCHAIN/bin/../lib/gcc/arm-elf/4.1.0/../../../../arm-elf/lib/thumb/interwork/libc.a(strtol.o)
                0x00010198                strtol
                0x00010050                _strtol_r
 .text          0x000101b8     0x1a60 /home/afrendy/projdb/koding/atinom/modul/TOOLCHAIN/bin/../lib/gcc/arm-elf/4.1.0/../../../../arm-elf/lib/thumb/interwork/libc.a(vfprintf.o)
                0x000101d8                _vfprintf_r
                0x00011bf8                vfprintf
 .text          0x00011c18      0xc6c /home/afrendy/projdb/koding/atinom/modul/TOOLCHAIN/bin/../lib/gcc/arm-elf/4.1.0/../../../../arm-elf/lib/thumb/interwork/libc.a(vfscanf.o)
                0x00012800                __svfscanf
                0x00012820                _vfscanf_r
                0x0001284c                vfscanf
                0x00011c18                __svfscanf_r
 .text          0x00012884       0x74 /home/afrendy/projdb/koding/atinom/modul/TOOLCHAIN/bin/../lib/gcc/arm-elf/4.1.0/../../../../arm-elf/lib/thumb/interwork/libc.a(vsprintf.o)
                0x000128b8                vsprintf
                0x00012884                _vsprintf_r
 .text          0x000128f8       0x54 /home/afrendy/projdb/koding/atinom/modul/TOOLCHAIN/bin/../lib/gcc/arm-elf/4.1.0/../../../../arm-elf/lib/thumb/interwork/libc.a(wcrtomb.o)
                0x000128f8                _wcrtomb_r
                0x0001292c                wcrtomb
 .text          0x0001294c      0x10c /home/afrendy/projdb/koding/atinom/modul/TOOLCHAIN/bin/../lib/gcc/arm-elf/4.1.0/../../../../arm-elf/lib/thumb/interwork/libc.a(wcsrtombs.o)
                0x0001294c                _wcsrtombs_r
                0x00012a30                wcsrtombs
 .text          0x00012a58      0x2b8 /home/afrendy/projdb/koding/atinom/modul/TOOLCHAIN/bin/../lib/gcc/arm-elf/4.1.0/../../../../arm-elf/lib/thumb/interwork/libc.a(wctomb_r.o)
                0x00012a58                _wctomb_r
 .text          0x00012d10       0xa0 /home/afrendy/projdb/koding/atinom/modul/TOOLCHAIN/bin/../lib/gcc/arm-elf/4.1.0/../../../../arm-elf/lib/thumb/interwork/libc.a(wsetup.o)
                0x00012d10                __swsetup
 .text          0x00012db0      0xf28 /home/afrendy/projdb/koding/atinom/modul/TOOLCHAIN/bin/../lib/gcc/arm-elf/4.1.0/../../../../arm-elf/lib/thumb/interwork/libc.a(dtoa.o)
                0x00012f00                _dtoa_r
 .text          0x00013cd8       0x90 /home/afrendy/projdb/koding/atinom/modul/TOOLCHAIN/bin/../lib/gcc/arm-elf/4.1.0/../../../../arm-elf/lib/thumb/interwork/libc.a(fflush.o)
                0x00013cd8                fflush
 .text          0x00013d68      0x1c4 /home/afrendy/projdb/koding/atinom/modul/TOOLCHAIN/bin/../lib/gcc/arm-elf/4.1.0/../../../../arm-elf/lib/thumb/interwork/libc.a(findfp.o)
                0x00013db0                __sinit
                0x00013e68                __sfmoreglue
                0x00013e54                _cleanup
                0x00013e44                _cleanup_r
                0x00013e2c                __fp_lock_all
                0x00013da0                __sfp_lock_acquire
                0x00013ea0                __sfp
                0x00013dac                __sinit_lock_release
                0x00013e14                __fp_unlock_all
                0x00013da4                __sfp_lock_release
                0x00013da8                __sinit_lock_acquire
 .text          0x00013f2c      0x148 /home/afrendy/projdb/koding/atinom/modul/TOOLCHAIN/bin/../lib/gcc/arm-elf/4.1.0/../../../../arm-elf/lib/thumb/interwork/libc.a(fread.o)
                0x00013f2c                fread
 .text          0x00014074      0x268 /home/afrendy/projdb/koding/atinom/modul/TOOLCHAIN/bin/../lib/gcc/arm-elf/4.1.0/../../../../arm-elf/lib/thumb/interwork/libc.a(freer.o)
                0x00014114                _free_r
                0x00014074                _malloc_trim_r
 .text          0x000142dc      0x298 /home/afrendy/projdb/koding/atinom/modul/TOOLCHAIN/bin/../lib/gcc/arm-elf/4.1.0/../../../../arm-elf/lib/thumb/interwork/libc.a(fvwrite.o)
                0x000142dc                __sfvwrite
 .text          0x00014574       0xf0 /home/afrendy/projdb/koding/atinom/modul/TOOLCHAIN/bin/../lib/gcc/arm-elf/4.1.0/../../../../arm-elf/lib/thumb/interwork/libc.a(fwalk.o)
                0x000145ec                _fwalk
                0x00014574                _fwalk_reent
 .text          0x00014664       0x1c /home/afrendy/projdb/koding/atinom/modul/TOOLCHAIN/bin/../lib/gcc/arm-elf/4.1.0/../../../../arm-elf/lib/thumb/interwork/libc.a(iswspace.o)
                0x00014664                iswspace
 .text          0x00014680       0x88 /home/afrendy/projdb/koding/atinom/modul/TOOLCHAIN/bin/../lib/gcc/arm-elf/4.1.0/../../../../arm-elf/lib/thumb/interwork/libc.a(locale.o)
                0x000146a8                _setlocale_r
                0x00014680                __locale_charset
                0x0001468c                _localeconv_r
                0x000146ec                setlocale
                0x00014694                localeconv
 .text          0x00014708       0xdc /home/afrendy/projdb/koding/atinom/modul/TOOLCHAIN/bin/../lib/gcc/arm-elf/4.1.0/../../../../arm-elf/lib/thumb/interwork/libc.a(makebuf.o)
                0x00014708                __smakebuf
 .text          0x000147e4      0x538 /home/afrendy/projdb/koding/atinom/modul/TOOLCHAIN/bin/../lib/gcc/arm-elf/4.1.0/../../../../arm-elf/lib/thumb/interwork/libc.a(mallocr.o)
                0x000147e4                _malloc_r
 .text          0x00014d1c       0x64 /home/afrendy/projdb/koding/atinom/modul/TOOLCHAIN/bin/../lib/gcc/arm-elf/4.1.0/../../../../arm-elf/lib/thumb/interwork/libc.a(mbrtowc.o)
                0x00014d58                mbrtowc
                0x00014d1c                _mbrtowc_r
 .text          0x00014d80       0x38 /home/afrendy/projdb/koding/atinom/modul/TOOLCHAIN/bin/../lib/gcc/arm-elf/4.1.0/../../../../arm-elf/lib/thumb/interwork/libc.a(mbtowc_r.o)
                0x00014d80                _mbtowc_r
 .text          0x00014db8       0xbc /home/afrendy/projdb/koding/atinom/modul/TOOLCHAIN/bin/../lib/gcc/arm-elf/4.1.0/../../../../arm-elf/lib/thumb/interwork/libc.a(memchr.o)
                0x00014db8                memchr
 .text          0x00014e74       0x8c /home/afrendy/projdb/koding/atinom/modul/TOOLCHAIN/bin/../lib/gcc/arm-elf/4.1.0/../../../../arm-elf/lib/thumb/interwork/libc.a(memmove.o)
                0x00014e74                memmove
 .text          0x00014f00        0x8 /home/afrendy/projdb/koding/atinom/modul/TOOLCHAIN/bin/../lib/gcc/arm-elf/4.1.0/../../../../arm-elf/lib/thumb/interwork/libc.a(mlock.o)
                0x00014f04                __malloc_unlock
                0x00014f00                __malloc_lock
 .text          0x00014f08      0x8c0 /home/afrendy/projdb/koding/atinom/modul/TOOLCHAIN/bin/../lib/gcc/arm-elf/4.1.0/../../../../arm-elf/lib/thumb/interwork/libc.a(mprec.o)
                0x00015180                _mprec_log10
                0x00014f20                _hi0bits
                0x000151c0                _Balloc
                0x0001521c                _d2b
                0x00015498                _multiply
                0x0001512c                _ratio
                0x00015738                _s2b
                0x000155e8                _i2b
                0x00014f68                _lo0bits
                0x00014fd4                __mcmp
                0x0001569c                _pow5mult
                0x00015014                _ulp
                0x00015064                _b2d
                0x00015600                _multadd
                0x00015304                __mdiff
                0x000153ec                _lshift
                0x00014f08                _Bfree
 .text          0x000157c8      0x3d8 /home/afrendy/projdb/koding/atinom/modul/TOOLCHAIN/bin/../lib/gcc/arm-elf/4.1.0/../../../../arm-elf/lib/thumb/interwork/libc.a(reallocr.o)
                0x000157c8                _realloc_r
 .text          0x00015ba0      0x114 /home/afrendy/projdb/koding/atinom/modul/TOOLCHAIN/bin/../lib/gcc/arm-elf/4.1.0/../../../../arm-elf/lib/thumb/interwork/libc.a(refill.o)
                0x00015bb8                __srefill
 .text          0x00015cb4       0x24 /home/afrendy/projdb/koding/atinom/modul/TOOLCHAIN/bin/../lib/gcc/arm-elf/4.1.0/../../../../arm-elf/lib/thumb/interwork/libc.a(s_isinf.o)
                0x00015cb4                isinf
 .text          0x00015cd8       0x1c /home/afrendy/projdb/koding/atinom/modul/TOOLCHAIN/bin/../lib/gcc/arm-elf/4.1.0/../../../../arm-elf/lib/thumb/interwork/libc.a(s_isnan.o)
                0x00015cd8                isnan
 .text          0x00015cf4       0x7c /home/afrendy/projdb/koding/atinom/modul/TOOLCHAIN/bin/../lib/gcc/arm-elf/4.1.0/../../../../arm-elf/lib/thumb/interwork/libc.a(sccl.o)
                0x00015cf4                __sccl
 .text          0x00015d70        0x8 /home/afrendy/projdb/koding/atinom/modul/TOOLCHAIN/bin/../lib/gcc/arm-elf/4.1.0/../../../../arm-elf/lib/thumb/interwork/libc.a(sf_nan.o)
                0x00015d70                nanf
 .text          0x00015d78       0xd8 /home/afrendy/projdb/koding/atinom/modul/TOOLCHAIN/bin/../lib/gcc/arm-elf/4.1.0/../../../../arm-elf/lib/thumb/interwork/libc.a(stdio.o)
                0x00015d90                __sseek
                0x00015e18                __sread
                0x00015d78                __sclose
                0x00015dd0                __swrite
 .text          0x00015e50      0xbe8 /home/afrendy/projdb/koding/atinom/modul/TOOLCHAIN/bin/../lib/gcc/arm-elf/4.1.0/../../../../arm-elf/lib/thumb/interwork/libc.a(strtod.o)
                0x00015e50                _strtod_r
                0x00016a1c                strtod
                0x000169e4                strtof
 .text          0x00016a38      0x16c /home/afrendy/projdb/koding/atinom/modul/TOOLCHAIN/bin/../lib/gcc/arm-elf/4.1.0/../../../../arm-elf/lib/thumb/interwork/libc.a(strtoul.o)
                0x00016b84                strtoul
                0x00016a38                _strtoul_r
 .text          0x00016ba4      0x504 /home/afrendy/projdb/koding/atinom/modul/TOOLCHAIN/bin/../lib/gcc/arm-elf/4.1.0/../../../../arm-elf/lib/thumb/interwork/libc.a(syscalls.o)
                0x00016bc0                _getpid
                0x00016cb4                initialise_monitor_handles
                0x00016bd8                isatty
                0x00016c40                _fstat
                0x00016fd4                _open
                0x00016c08                _sbrk
                0x00016bd4                _raise
                0x00016d3c                _times
                0x00016fe8                _stat
                0x00017024                _lseek
                0x00016bc4                _link
                0x00016df8                _swiwrite
                0x00016bdc                _rename
                0x00016e20                _swilseek
                0x00016dc0                _swiclose
                0x00016ed4                _swiopen
                0x00016bcc                _unlink
                0x00016f60                _write
                0x00016d8c                _kill
                0x00016d60                _gettimeofday
                0x0001705c                _read
                0x00016da8                _exit
                0x00016bf0                _system
                0x00017034                _swiread
                0x00016fc4                _close
 .text          0x000170a8      0x16c /home/afrendy/projdb/koding/atinom/modul/TOOLCHAIN/bin/../lib/gcc/arm-elf/4.1.0/../../../../arm-elf/lib/thumb/interwork/libc.a(ungetc.o)
                0x000171f8                ungetc
                0x000170a8                __submore
                0x00017124                _ungetc_r
 .text          0x00017214       0x60 /home/afrendy/projdb/koding/atinom/modul/TOOLCHAIN/bin/../lib/gcc/arm-elf/4.1.0/../../../../arm-elf/lib/thumb/interwork/libc.a(callocr.o)
                0x00017214                _calloc_r
 .text          0x00017274        0xc /home/afrendy/projdb/koding/atinom/modul/TOOLCHAIN/bin/../lib/gcc/arm-elf/4.1.0/../../../../arm-elf/lib/thumb/interwork/libc.a(errno.o)
                0x00017274                __errno
 .text          0x00017280       0xbc /home/afrendy/projdb/koding/atinom/modul/TOOLCHAIN/bin/../lib/gcc/arm-elf/4.1.0/../../../../arm-elf/lib/thumb/interwork/libc.a(fclose.o)
                0x00017280                _fclose_r
                0x00017324                fclose
 .text          0x0001733c       0x14 /home/afrendy/projdb/koding/atinom/modul/TOOLCHAIN/bin/../lib/gcc/arm-elf/4.1.0/../../../../arm-elf/lib/thumb/interwork/libc.a(s_nan.o)
                0x0001733c                nan
 .text          0x00017350       0x8c /home/afrendy/projdb/koding/atinom/modul/TOOLCHAIN/bin/../lib/gcc/arm-elf/4.1.0/thumb/interwork/libgcc.a(_udivsi3.o)
                0x00017350                __udivsi3
                0x00017350                __aeabi_uidiv
                0x000173cc                __aeabi_uidivmod
 .text          0x000173dc       0xa4 /home/afrendy/projdb/koding/atinom/modul/TOOLCHAIN/bin/../lib/gcc/arm-elf/4.1.0/thumb/interwork/libgcc.a(_divsi3.o)
                0x000173dc                __aeabi_idiv
                0x000173dc                __divsi3
                0x00017470                __aeabi_idivmod
 .text          0x00017480       0xc8 /home/afrendy/projdb/koding/atinom/modul/TOOLCHAIN/bin/../lib/gcc/arm-elf/4.1.0/thumb/interwork/libgcc.a(_umodsi3.o)
                0x00017480                __umodsi3
 .text          0x00017548       0xd8 /home/afrendy/projdb/koding/atinom/modul/TOOLCHAIN/bin/../lib/gcc/arm-elf/4.1.0/thumb/interwork/libgcc.a(_modsi3.o)
                0x00017548                __modsi3
 .text          0x00017620        0x4 /home/afrendy/projdb/koding/atinom/modul/TOOLCHAIN/bin/../lib/gcc/arm-elf/4.1.0/thumb/interwork/libgcc.a(_dvmd_tls.o)
                0x00017620                __aeabi_ldiv0
                0x00017620                __div0
                0x00017620                __aeabi_idiv0
 .text          0x00017624       0x84 /home/afrendy/projdb/koding/atinom/modul/TOOLCHAIN/bin/../lib/gcc/arm-elf/4.1.0/thumb/interwork/libgcc.a(_muldi3.o)
                0x00017624                __muldi3
 .text          0x000176a8       0x34 /home/afrendy/projdb/koding/atinom/modul/TOOLCHAIN/bin/../lib/gcc/arm-elf/4.1.0/thumb/interwork/libgcc.a(_fixunssfsi.o)
                0x000176a8                __fixunssfsi
 .text          0x000176dc      0x234 /home/afrendy/projdb/koding/atinom/modul/TOOLCHAIN/bin/../lib/gcc/arm-elf/4.1.0/thumb/interwork/libgcc.a(_addsub_sf.o)
                0x000178a0                __subsf3
                0x000178dc                __addsf3
 .text          0x00017910      0x174 /home/afrendy/projdb/koding/atinom/modul/TOOLCHAIN/bin/../lib/gcc/arm-elf/4.1.0/thumb/interwork/libgcc.a(_mul_sf.o)
                0x00017948                __mulsf3
 .text          0x00017a84      0x11c /home/afrendy/projdb/koding/atinom/modul/TOOLCHAIN/bin/../lib/gcc/arm-elf/4.1.0/thumb/interwork/libgcc.a(_div_sf.o)
                0x00017abc                __divsf3
 .text          0x00017ba0       0x54 /home/afrendy/projdb/koding/atinom/modul/TOOLCHAIN/bin/../lib/gcc/arm-elf/4.1.0/thumb/interwork/libgcc.a(_ge_sf.o)
                0x00017bb0                __gesf2
 .text          0x00017bf4       0x70 /home/afrendy/projdb/koding/atinom/modul/TOOLCHAIN/bin/../lib/gcc/arm-elf/4.1.0/thumb/interwork/libgcc.a(_si_to_sf.o)
                0x00017bf4                __floatsisf
 .text          0x00017c64       0x98 /home/afrendy/projdb/koding/atinom/modul/TOOLCHAIN/bin/../lib/gcc/arm-elf/4.1.0/thumb/interwork/libgcc.a(_sf_to_si.o)
                0x00017c94                __fixsfsi
 .text          0x00017cfc       0x30 /home/afrendy/projdb/koding/atinom/modul/TOOLCHAIN/bin/../lib/gcc/arm-elf/4.1.0/thumb/interwork/libgcc.a(_sf_to_df.o)
                0x00017cfc                __extendsfdf2
 .text          0x00017d2c      0x328 /home/afrendy/projdb/koding/atinom/modul/TOOLCHAIN/bin/../lib/gcc/arm-elf/4.1.0/thumb/interwork/libgcc.a(_addsub_df.o)
                0x0001801c                __adddf3
                0x00017fdc                __subdf3
 .text          0x00018054      0x2ac /home/afrendy/projdb/koding/atinom/modul/TOOLCHAIN/bin/../lib/gcc/arm-elf/4.1.0/thumb/interwork/libgcc.a(_mul_df.o)
                0x0001808c                __muldf3
 .text          0x00018300      0x1ac /home/afrendy/projdb/koding/atinom/modul/TOOLCHAIN/bin/../lib/gcc/arm-elf/4.1.0/thumb/interwork/libgcc.a(_div_df.o)
                0x00018338                __divdf3
 .text          0x000184ac       0x58 /home/afrendy/projdb/koding/atinom/modul/TOOLCHAIN/bin/../lib/gcc/arm-elf/4.1.0/thumb/interwork/libgcc.a(_eq_df.o)
                0x000184bc                __eqdf2
 .text          0x00018504       0x58 /home/afrendy/projdb/koding/atinom/modul/TOOLCHAIN/bin/../lib/gcc/arm-elf/4.1.0/thumb/interwork/libgcc.a(_ne_df.o)
                0x00018514                __nedf2
 .text          0x0001855c       0x58 /home/afrendy/projdb/koding/atinom/modul/TOOLCHAIN/bin/../lib/gcc/arm-elf/4.1.0/thumb/interwork/libgcc.a(_gt_df.o)
                0x0001856c                __gtdf2
 .text          0x000185b4       0x58 /home/afrendy/projdb/koding/atinom/modul/TOOLCHAIN/bin/../lib/gcc/arm-elf/4.1.0/thumb/interwork/libgcc.a(_ge_df.o)
                0x000185c4                __gedf2
 .text          0x0001860c       0x58 /home/afrendy/projdb/koding/atinom/modul/TOOLCHAIN/bin/../lib/gcc/arm-elf/4.1.0/thumb/interwork/libgcc.a(_lt_df.o)
                0x0001861c                __ltdf2
 .text          0x00018664       0x58 /home/afrendy/projdb/koding/atinom/modul/TOOLCHAIN/bin/../lib/gcc/arm-elf/4.1.0/thumb/interwork/libgcc.a(_le_df.o)
                0x00018674                __ledf2
 .text          0x000186bc       0x8c /home/afrendy/projdb/koding/atinom/modul/TOOLCHAIN/bin/../lib/gcc/arm-elf/4.1.0/thumb/interwork/libgcc.a(_si_to_df.o)
                0x000186bc                __floatsidf
 .text          0x00018748       0xb4 /home/afrendy/projdb/koding/atinom/modul/TOOLCHAIN/bin/../lib/gcc/arm-elf/4.1.0/thumb/interwork/libgcc.a(_df_to_si.o)
                0x00018778                __fixdfsi
 .text          0x000187fc       0x28 /home/afrendy/projdb/koding/atinom/modul/TOOLCHAIN/bin/../lib/gcc/arm-elf/4.1.0/thumb/interwork/libgcc.a(_make_df.o)
                0x000187fc                __make_dp
 .text          0x00018824       0x44 /home/afrendy/projdb/koding/atinom/modul/TOOLCHAIN/bin/../lib/gcc/arm-elf/4.1.0/thumb/interwork/libgcc.a(_df_to_sf.o)
                0x00018824                __truncdfsf2
 .text          0x00018868      0x130 /home/afrendy/projdb/koding/atinom/modul/TOOLCHAIN/bin/../lib/gcc/arm-elf/4.1.0/thumb/interwork/libgcc.a(_pack_sf.o)
                0x00018898                __pack_f
 .text          0x00018998       0x80 /home/afrendy/projdb/koding/atinom/modul/TOOLCHAIN/bin/../lib/gcc/arm-elf/4.1.0/thumb/interwork/libgcc.a(_unpack_sf.o)
                0x00018998                __unpack_f
 .text          0x00018a18       0xd8 /home/afrendy/projdb/koding/atinom/modul/TOOLCHAIN/bin/../lib/gcc/arm-elf/4.1.0/thumb/interwork/libgcc.a(_fpcmp_parts_sf.o)
                0x00018a48                __fpcmp_parts_f
 .text          0x00018af0       0x18 /home/afrendy/projdb/koding/atinom/modul/TOOLCHAIN/bin/../lib/gcc/arm-elf/4.1.0/thumb/interwork/libgcc.a(_make_sf.o)
                0x00018af0                __make_fp
 .text          0x00018b08      0x290 /home/afrendy/projdb/koding/atinom/modul/TOOLCHAIN/bin/../lib/gcc/arm-elf/4.1.0/thumb/interwork/libgcc.a(_pack_df.o)
                0x00018b38                __pack_d
 .text          0x00018d98       0xc4 /home/afrendy/projdb/koding/atinom/modul/TOOLCHAIN/bin/../lib/gcc/arm-elf/4.1.0/thumb/interwork/libgcc.a(_unpack_df.o)
                0x00018d98                __unpack_d
 .text          0x00018e5c       0xf0 /home/afrendy/projdb/koding/atinom/modul/TOOLCHAIN/bin/../lib/gcc/arm-elf/4.1.0/thumb/interwork/libgcc.a(_fpcmp_parts_df.o)
                0x00018e8c                __fpcmp_parts_d
 .text          0x00018f4c       0xc4 /tmp/cc37JPro.o
                0x00018f4c                start
                0x00018ff4                endless_loop
 *(.rodata)
 .rodata        0x00019010       0x24 main.o
 .rodata        0x00019034       0x18 hardware/cpu_setup.o
 .rodata        0x0001904c      0x180 hardware/iap.o
 .rodata        0x000191cc      0x4f0 cmd/sh_data.o
 .rodata        0x000196bc       0x10 hardware/spi_ssp.o
 .rodata        0x000196cc       0x28 app/ap_ambilcepat.o
 .rodata        0x000196f4       0x1c ../../../Source/tasks.o
 .rodata        0x00019710        0x2 ../../../Source/portable/MemMang/heap_2.o
 *fill*         0x00019712        0x2 00
 .rodata        0x00019714       0xb8 cmd/sh_rtos.o
 .rodata        0x000197cc      0x414 cmd/sh_hardware.o
 .rodata        0x00019be0      0x32c cmd/sh_env.o
 .rodata        0x00019f0c       0xb0 cmd/sh_utils.o
 .rodata        0x00019fbc      0x2e0 cmd/sh_sumber.o
 .rodata        0x0001a29c      0x744 cmd/manual.o
 .rodata        0x0001a9e0      0x400 app/ap_serial.o
 .rodata        0x0001ade0      0x180 modul/tinysh/tinysh.o
 .rodata        0x0001af60      0x28c cmd/sh_rtc.o
 .rodata        0x0001b1ec      0x690 modul/ff/ff9b/src/ff.o
 .rodata        0x0001b87c      0x540 modul/ff/sdc.o
 .rodata        0x0001bdbc      0x16c cmd/sh_sdc.o
 .rodata        0x0001bf28      0x184 /home/afrendy/projdb/koding/atinom/modul/TOOLCHAIN/bin/../lib/gcc/arm-elf/4.1.0/../../../../arm-elf/lib/thumb/interwork/libc.a(vfprintf.o)
 .rodata        0x0001c0ac      0x464 /home/afrendy/projdb/koding/atinom/modul/TOOLCHAIN/bin/../lib/gcc/arm-elf/4.1.0/../../../../arm-elf/lib/thumb/interwork/libc.a(vfscanf.o)
 .rodata        0x0001c510      0x101 /home/afrendy/projdb/koding/atinom/modul/TOOLCHAIN/bin/../lib/gcc/arm-elf/4.1.0/../../../../arm-elf/lib/thumb/interwork/libc.a(ctype_.o)
                0x0001c510                _ctype_
 *fill*         0x0001c611        0x3 00
 .rodata        0x0001c614       0x18 /home/afrendy/projdb/koding/atinom/modul/TOOLCHAIN/bin/../lib/gcc/arm-elf/4.1.0/../../../../arm-elf/lib/thumb/interwork/libc.a(dtoa.o)
 .rodata        0x0001c62c        0x4 /home/afrendy/projdb/koding/atinom/modul/TOOLCHAIN/bin/../lib/gcc/arm-elf/4.1.0/../../../../arm-elf/lib/thumb/interwork/libc.a(impure.o)
                0x0001c62c                _global_impure_ptr
 .rodata        0x0001c630       0x34 /home/afrendy/projdb/koding/atinom/modul/TOOLCHAIN/bin/../lib/gcc/arm-elf/4.1.0/../../../../arm-elf/lib/thumb/interwork/libc.a(locale.o)
 .rodata        0x0001c664      0x124 /home/afrendy/projdb/koding/atinom/modul/TOOLCHAIN/bin/../lib/gcc/arm-elf/4.1.0/../../../../arm-elf/lib/thumb/interwork/libc.a(mprec.o)
                0x0001c754                __mprec_tinytens
                0x0001c664                __mprec_tens
                0x0001c72c                __mprec_bigtens
 .rodata        0x0001c788       0xb8 /home/afrendy/projdb/koding/atinom/modul/TOOLCHAIN/bin/../lib/gcc/arm-elf/4.1.0/../../../../arm-elf/lib/thumb/interwork/libc.a(strtod.o)
 .rodata        0x0001c840       0x10 /home/afrendy/projdb/koding/atinom/modul/TOOLCHAIN/bin/../lib/gcc/arm-elf/4.1.0/thumb/interwork/libgcc.a(_thenan_sf.o)
                0x0001c840                __thenan_sf
 .rodata        0x0001c850       0x14 /home/afrendy/projdb/koding/atinom/modul/TOOLCHAIN/bin/../lib/gcc/arm-elf/4.1.0/thumb/interwork/libgcc.a(_thenan_df.o)
                0x0001c850                __thenan_df
 *(.rodata*)
 .rodata.str1.4
                0x0001c864        0x2 /home/afrendy/projdb/koding/atinom/modul/TOOLCHAIN/bin/../lib/gcc/arm-elf/4.1.0/../../../../arm-elf/lib/thumb/interwork/libc.a(puts.o)
                                  0x4 (size before relaxing)
 *fill*         0x0001c866        0x2 00
 .rodata.str1.4
                0x0001c868       0x63 /home/afrendy/projdb/koding/atinom/modul/TOOLCHAIN/bin/../lib/gcc/arm-elf/4.1.0/../../../../arm-elf/lib/thumb/interwork/libc.a(vfprintf.o)
                                 0x64 (size before relaxing)
 *fill*         0x0001c8cb        0x1 00
 .rodata.str1.4
                0x0001c8cc        0x5 /home/afrendy/projdb/koding/atinom/modul/TOOLCHAIN/bin/../lib/gcc/arm-elf/4.1.0/../../../../arm-elf/lib/thumb/interwork/libc.a(vfscanf.o)
                                  0x8 (size before relaxing)
 *fill*         0x0001c8d1        0x3 00
 .rodata.str1.4
                0x0001c8d4       0x1e /home/afrendy/projdb/koding/atinom/modul/TOOLCHAIN/bin/../lib/gcc/arm-elf/4.1.0/../../../../arm-elf/lib/thumb/interwork/libc.a(wctomb_r.o)
                                 0x20 (size before relaxing)
 *fill*         0x0001c8f2        0x2 00
 .rodata.str1.4
                0x0001c8f4       0x10 /home/afrendy/projdb/koding/atinom/modul/TOOLCHAIN/bin/../lib/gcc/arm-elf/4.1.0/../../../../arm-elf/lib/thumb/interwork/libc.a(dtoa.o)
                                 0x14 (size before relaxing)
 .rodata.str1.4
                0x0001c904        0x2 /home/afrendy/projdb/koding/atinom/modul/TOOLCHAIN/bin/../lib/gcc/arm-elf/4.1.0/../../../../arm-elf/lib/thumb/interwork/libc.a(impure.o)
                                  0x4 (size before relaxing)
 *fill*         0x0001c906        0x2 00
 .rodata.str1.4
                0x0001c908        0xb /home/afrendy/projdb/koding/atinom/modul/TOOLCHAIN/bin/../lib/gcc/arm-elf/4.1.0/../../../../arm-elf/lib/thumb/interwork/libc.a(locale.o)
                                 0x18 (size before relaxing)
 .rodata.str1.4
                0x0001c913        0x0 /home/afrendy/projdb/koding/atinom/modul/TOOLCHAIN/bin/../lib/gcc/arm-elf/4.1.0/../../../../arm-elf/lib/thumb/interwork/libc.a(mbrtowc.o)
                                  0x4 (size before relaxing)
 *fill*         0x0001c913        0x1 00
 .rodata.str1.4
                0x0001c914        0x4 /home/afrendy/projdb/koding/atinom/modul/TOOLCHAIN/bin/../lib/gcc/arm-elf/4.1.0/../../../../arm-elf/lib/thumb/interwork/libc.a(syscalls.o)
 *(.glue_7)
 .glue_7        0x0001c918       0x48 /home/afrendy/projdb/koding/atinom/modul/TOOLCHAIN/bin/../lib/gcc/arm-elf/4.1.0/thumb/interwork/libgcc.a(_fpcmp_parts_df.o)
                0x0001c954                __main_from_arm
                0x0001c948                __xQueueGenericSendFromISR_from_arm
                0x0001c924                __xTaskIncrementTick_from_arm
                0x0001c930                __xQueueGenericCreate_from_arm
                0x0001c93c                __xQueueReceiveFromISR_from_arm
                0x0001c918                __vTaskSwitchContext_from_arm
 *(.glue_7t)
 .glue_7t       0x0001c960       0x28 /home/afrendy/projdb/koding/atinom/modul/TOOLCHAIN/bin/../lib/gcc/arm-elf/4.1.0/thumb/interwork/libgcc.a(_fpcmp_parts_df.o)
                0x0001c964                __vPortEnterCritical_change_to_arm
                0x0001c980                __vSerialISRCreateQueues_from_thumb
                0x0001c984                __vSerialISRCreateQueues_change_to_arm
                0x0001c96c                __vPortExitCritical_change_to_arm
                0x0001c978                __vPortISRStartFirstTask_from_thumb
                0x0001c970                __vPortDisableInterruptsFromThumb_from_thumb
                0x0001c968                __vPortExitCritical_from_thumb
                0x0001c960                __vPortEnterCritical_from_thumb
                0x0001c97c                __vPortISRStartFirstTask_change_to_arm
                0x0001c974                __vPortDisableInterruptsFromThumb_change_to_arm
 *(.eh_frame)
                0x0001c988                __end_of_text__ = .

.data           0x40000000      0xf30 load address 0x0001c988
                0x40000000                __data_beg__ = .
                0x0001c988                __data_beg_src__ = __end_of_text__
 *(.data)
 .data          0x40000000        0x4 ../../../Source/portable/GCC/ARM7_LPC23xx/portISR.o
                0x40000000                ulCriticalNesting
 .data          0x40000004       0x60 cmd/sh_data.o
 .data          0x40000064        0x4 ../../../Source/tasks.o
 .data          0x40000068        0x4 ../../../Source/portable/MemMang/heap_2.o
 .data          0x4000006c       0x40 cmd/sh_rtos.o
 .data          0x400000ac      0x120 cmd/sh_hardware.o
 .data          0x400001cc       0x60 cmd/sh_env.o
 .data          0x4000022c       0x20 cmd/sh_utils.o
 .data          0x4000024c       0x60 cmd/sh_sumber.o
 .data          0x400002ac      0x320 app/ap_serial.o
 .data          0x400005cc       0x3c modul/tinysh/tinysh.o
 .data          0x40000608       0x80 cmd/sh_rtc.o
 .data          0x40000688       0x80 cmd/sh_sdc.o
 .data          0x40000708        0x4 /home/afrendy/projdb/koding/atinom/modul/TOOLCHAIN/bin/../lib/gcc/arm-elf/4.1.0/../../../../arm-elf/lib/thumb/interwork/libc.a(ctype_.o)
                0x40000708                __ctype_ptr
 .data          0x4000070c      0x404 /home/afrendy/projdb/koding/atinom/modul/TOOLCHAIN/bin/../lib/gcc/arm-elf/4.1.0/../../../../arm-elf/lib/thumb/interwork/libc.a(impure.o)
                0x4000070c                _impure_ptr
 .data          0x40000b10       0x10 /home/afrendy/projdb/koding/atinom/modul/TOOLCHAIN/bin/../lib/gcc/arm-elf/4.1.0/../../../../arm-elf/lib/thumb/interwork/libc.a(locale.o)
                0x40000b10                __mb_cur_max
                0x40000b14                __lc_ctype
 .data          0x40000b20      0x410 /home/afrendy/projdb/koding/atinom/modul/TOOLCHAIN/bin/../lib/gcc/arm-elf/4.1.0/../../../../arm-elf/lib/thumb/interwork/libc.a(mallocr.o)
                0x40000f2c                __malloc_sbrk_base
                0x40000b20                __malloc_av_
                0x40000f28                __malloc_trim_threshold
                0x40000f30                __data_end__ = .

.bss            0x40000f30     0x860c
                0x40000f30                __bss_beg__ = .
 *(.bss)
 .bss           0x40000f30        0xc modul/serial/serialISR.o
 .bss           0x40000f3c        0x4 main.o
                0x40000f3c                xSemSer0
 .bss           0x40000f40        0x4 hardware/syscalls.o
 .bss           0x40000f44       0xd0 ../../../Source/tasks.o
                0x40000f44                pxCurrentTCB
 .bss           0x40001014     0x7814 ../../../Source/portable/MemMang/heap_2.o
 .bss           0x40008828      0x200 cmd/sh_rtos.o
 .bss           0x40008a28        0xc modul/serial/serial.o
 .bss           0x40008a34        0x8 app/ap_serial.o
 .bss           0x40008a3c      0x620 modul/tinysh/tinysh.o
 .bss           0x4000905c        0x8 modul/ff/ff9b/src/ff.o
 .bss           0x40009064        0xc /home/afrendy/projdb/koding/atinom/modul/TOOLCHAIN/bin/../lib/gcc/arm-elf/4.1.0/../../../../arm-elf/lib/thumb/interwork/libc.a(locale.o)
                0x40009064                __nlocale_changed
                0x40009068                __mlocale_changed
                0x4000906c                _PathLocale
 .bss           0x40009070       0x34 /home/afrendy/projdb/koding/atinom/modul/TOOLCHAIN/bin/../lib/gcc/arm-elf/4.1.0/../../../../arm-elf/lib/thumb/interwork/libc.a(mallocr.o)
                0x40009070                __malloc_top_pad
                0x40009074                __malloc_max_sbrked_mem
                0x4000907c                __malloc_current_mallinfo
                0x40009078                __malloc_max_total_mem
 .bss           0x400090a4       0xb0 /home/afrendy/projdb/koding/atinom/modul/TOOLCHAIN/bin/../lib/gcc/arm-elf/4.1.0/../../../../arm-elf/lib/thumb/interwork/libc.a(syscalls.o)
 COMMON         0x40009154      0x218 main.o
                0x40009154                st_struct
                0x40009158                data_f
                0x400091f8                flagRTCc
                0x400091f9                flagRTCs
                0x400091fa                status_konter
                0x40009204                flagRTCh
                0x40009208                st_hw
                0x40009224                konter
                0x40009344                adc
                0x4000935c                flagRTCd
                0x40009360                giliran
                0x40009364                flagRTCm
                0x40009368                hdl_led
 COMMON         0x4000936c       0x14 hardware/iap.o
                0x4000936c                param_table
 COMMON         0x40009380       0x50 app/ap_rpm.o
                0x40009380                data_hit
                0x400093a8                data_putaran
 COMMON         0x400093d0        0x4 app/ap_ambilcepat.o
                0x400093d0                hdl_cepat
 COMMON         0x400093d4      0x104 app/ap_serial.o
                0x400093d4                hdl_shell
                0x400093d8                str_buffer
 COMMON         0x400094d8       0x64 modul/ff/ff9b/src/diskio.o
                0x400094d8                CardType
                0x400094dc                cInfo
                0x40009514                CardInfo
                0x4000953c                . = ALIGN (0x4)
                0x4000953c                _bss_end__ = .
                0x4000953c                __bss_end__ = .
                0x4000953c                __end__ = .

.usbram         0x7fd00000        0x0
                0x7fd00000                __usbram_beg__ = .
 *(.dmaram)
                0x7fd00000                __usbram_end__ = .

.ethram         0x7fe00000        0x0
                0x7fe00000                __ethram_beg__ = .
 *(.ethram)
                0x7fe00000                __ethram_end__ = .
                0x7fe00000                . = ALIGN (0x4)
                0x7fe00000                _end = .
                0x7fe00000                PROVIDE (end, .)
OUTPUT(santer.elf elf32-littlearm)

.comment        0x00000000      0x84c
 .comment       0x00000000       0x12 ../../../Source/portable/GCC/ARM7_LPC23xx/portISR.o
 .comment       0x00000012       0x12 modul/serial/serialISR.o
 .comment       0x00000024       0x12 main.o
 .comment       0x00000036       0x12 hardware/hardware.o
 .comment       0x00000048       0x12 hardware/cpu_setup.o
 .comment       0x0000005a       0x12 hardware/syscalls.o
 .comment       0x0000006c       0x12 hardware/iap.o
 .comment       0x0000007e       0x12 cmd/sh_data.o
 .comment       0x00000090       0x12 hardware/spi_ssp.o
 .comment       0x000000a2       0x12 app/ap_rpm.o
 .comment       0x000000b4       0x12 app/ap_ambilcepat.o
 .comment       0x000000c6       0x12 ../../../Source/list.o
 .comment       0x000000d8       0x12 ../../../Source/queue.o
 .comment       0x000000ea       0x12 ../../../Source/tasks.o
 .comment       0x000000fc       0x12 ../../../Source/portable/GCC/ARM7_LPC23xx/port.o
 .comment       0x0000010e       0x12 ../../../Source/portable/MemMang/heap_2.o
 .comment       0x00000120       0x12 cmd/sh_rtos.o
 .comment       0x00000132       0x12 cmd/sh_hardware.o
 .comment       0x00000144       0x12 cmd/sh_env.o
 .comment       0x00000156       0x12 cmd/sh_utils.o
 .comment       0x00000168       0x12 cmd/sh_sumber.o
 .comment       0x0000017a       0x12 cmd/manual.o
 .comment       0x0000018c       0x12 app/ap_utils.o
 .comment       0x0000019e       0x12 modul/serial/serial.o
 .comment       0x000001b0       0x12 app/ap_serial.o
 .comment       0x000001c2       0x12 modul/tinysh/tinysh.o
 .comment       0x000001d4       0x12 cmd/sh_relay.o
 .comment       0x000001e6       0x12 modul/modbus/mb.o
 .comment       0x000001f8       0x12 cmd/sh_rtc.o
 .comment       0x0000020a       0x12 modul/ff/ff9b/src/ff.o
 .comment       0x0000021c       0x12 modul/ff/ff9b/src/diskio.o
 .comment       0x0000022e       0x12 modul/ff/sdc.o
 .comment       0x00000240       0x12 cmd/sh_sdc.o
 .comment       0x00000252       0x12 /home/afrendy/projdb/koding/atinom/modul/TOOLCHAIN/bin/../lib/gcc/arm-elf/4.1.0/../../../../arm-elf/lib/thumb/interwork/libc.a(atoi.o)
 .comment       0x00000264       0x12 /home/afrendy/projdb/koding/atinom/modul/TOOLCHAIN/bin/../lib/gcc/arm-elf/4.1.0/../../../../arm-elf/lib/thumb/interwork/libc.a(memcpy.o)
 .comment       0x00000276       0x12 /home/afrendy/projdb/koding/atinom/modul/TOOLCHAIN/bin/../lib/gcc/arm-elf/4.1.0/../../../../arm-elf/lib/thumb/interwork/libc.a(memset.o)
 .comment       0x00000288       0x12 /home/afrendy/projdb/koding/atinom/modul/TOOLCHAIN/bin/../lib/gcc/arm-elf/4.1.0/../../../../arm-elf/lib/thumb/interwork/libc.a(puts.o)
 .comment       0x0000029a       0x12 /home/afrendy/projdb/koding/atinom/modul/TOOLCHAIN/bin/../lib/gcc/arm-elf/4.1.0/../../../../arm-elf/lib/thumb/interwork/libc.a(rand.o)
 .comment       0x000002ac       0x12 /home/afrendy/projdb/koding/atinom/modul/TOOLCHAIN/bin/../lib/gcc/arm-elf/4.1.0/../../../../arm-elf/lib/thumb/interwork/libc.a(sprintf.o)
 .comment       0x000002be       0x12 /home/afrendy/projdb/koding/atinom/modul/TOOLCHAIN/bin/../lib/gcc/arm-elf/4.1.0/../../../../arm-elf/lib/thumb/interwork/libc.a(sscanf.o)
 .comment       0x000002d0       0x12 /home/afrendy/projdb/koding/atinom/modul/TOOLCHAIN/bin/../lib/gcc/arm-elf/4.1.0/../../../../arm-elf/lib/thumb/interwork/libc.a(strchr.o)
 .comment       0x000002e2       0x12 /home/afrendy/projdb/koding/atinom/modul/TOOLCHAIN/bin/../lib/gcc/arm-elf/4.1.0/../../../../arm-elf/lib/thumb/interwork/libc.a(strcmp.o)
 .comment       0x000002f4       0x12 /home/afrendy/projdb/koding/atinom/modul/TOOLCHAIN/bin/../lib/gcc/arm-elf/4.1.0/../../../../arm-elf/lib/thumb/interwork/libc.a(strcpy.o)
 .comment       0x00000306       0x12 /home/afrendy/projdb/koding/atinom/modul/TOOLCHAIN/bin/../lib/gcc/arm-elf/4.1.0/../../../../arm-elf/lib/thumb/interwork/libc.a(strlen.o)
 .comment       0x00000318       0x12 /home/afrendy/projdb/koding/atinom/modul/TOOLCHAIN/bin/../lib/gcc/arm-elf/4.1.0/../../../../arm-elf/lib/thumb/interwork/libc.a(strstr.o)
 .comment       0x0000032a       0x12 /home/afrendy/projdb/koding/atinom/modul/TOOLCHAIN/bin/../lib/gcc/arm-elf/4.1.0/../../../../arm-elf/lib/thumb/interwork/libc.a(strtol.o)
 .comment       0x0000033c       0x12 /home/afrendy/projdb/koding/atinom/modul/TOOLCHAIN/bin/../lib/gcc/arm-elf/4.1.0/../../../../arm-elf/lib/thumb/interwork/libc.a(vfprintf.o)
 .comment       0x0000034e       0x12 /home/afrendy/projdb/koding/atinom/modul/TOOLCHAIN/bin/../lib/gcc/arm-elf/4.1.0/../../../../arm-elf/lib/thumb/interwork/libc.a(vfscanf.o)
 .comment       0x00000360       0x12 /home/afrendy/projdb/koding/atinom/modul/TOOLCHAIN/bin/../lib/gcc/arm-elf/4.1.0/../../../../arm-elf/lib/thumb/interwork/libc.a(vsprintf.o)
 .comment       0x00000372       0x12 /home/afrendy/projdb/koding/atinom/modul/TOOLCHAIN/bin/../lib/gcc/arm-elf/4.1.0/../../../../arm-elf/lib/thumb/interwork/libc.a(wcrtomb.o)
 .comment       0x00000384       0x12 /home/afrendy/projdb/koding/atinom/modul/TOOLCHAIN/bin/../lib/gcc/arm-elf/4.1.0/../../../../arm-elf/lib/thumb/interwork/libc.a(wcsrtombs.o)
 .comment       0x00000396       0x12 /home/afrendy/projdb/koding/atinom/modul/TOOLCHAIN/bin/../lib/gcc/arm-elf/4.1.0/../../../../arm-elf/lib/thumb/interwork/libc.a(wctomb_r.o)
 .comment       0x000003a8       0x12 /home/afrendy/projdb/koding/atinom/modul/TOOLCHAIN/bin/../lib/gcc/arm-elf/4.1.0/../../../../arm-elf/lib/thumb/interwork/libc.a(wsetup.o)
 .comment       0x000003ba       0x12 /home/afrendy/projdb/koding/atinom/modul/TOOLCHAIN/bin/../lib/gcc/arm-elf/4.1.0/../../../../arm-elf/lib/thumb/interwork/libc.a(ctype_.o)
 .comment       0x000003cc       0x12 /home/afrendy/projdb/koding/atinom/modul/TOOLCHAIN/bin/../lib/gcc/arm-elf/4.1.0/../../../../arm-elf/lib/thumb/interwork/libc.a(dtoa.o)
 .comment       0x000003de       0x12 /home/afrendy/projdb/koding/atinom/modul/TOOLCHAIN/bin/../lib/gcc/arm-elf/4.1.0/../../../../arm-elf/lib/thumb/interwork/libc.a(fflush.o)
 .comment       0x000003f0       0x12 /home/afrendy/projdb/koding/atinom/modul/TOOLCHAIN/bin/../lib/gcc/arm-elf/4.1.0/../../../../arm-elf/lib/thumb/interwork/libc.a(findfp.o)
 .comment       0x00000402       0x12 /home/afrendy/projdb/koding/atinom/modul/TOOLCHAIN/bin/../lib/gcc/arm-elf/4.1.0/../../../../arm-elf/lib/thumb/interwork/libc.a(fread.o)
 .comment       0x00000414       0x12 /home/afrendy/projdb/koding/atinom/modul/TOOLCHAIN/bin/../lib/gcc/arm-elf/4.1.0/../../../../arm-elf/lib/thumb/interwork/libc.a(freer.o)
 .comment       0x00000426       0x12 /home/afrendy/projdb/koding/atinom/modul/TOOLCHAIN/bin/../lib/gcc/arm-elf/4.1.0/../../../../arm-elf/lib/thumb/interwork/libc.a(fvwrite.o)
 .comment       0x00000438       0x12 /home/afrendy/projdb/koding/atinom/modul/TOOLCHAIN/bin/../lib/gcc/arm-elf/4.1.0/../../../../arm-elf/lib/thumb/interwork/libc.a(fwalk.o)
 .comment       0x0000044a       0x12 /home/afrendy/projdb/koding/atinom/modul/TOOLCHAIN/bin/../lib/gcc/arm-elf/4.1.0/../../../../arm-elf/lib/thumb/interwork/libc.a(impure.o)
 .comment       0x0000045c       0x12 /home/afrendy/projdb/koding/atinom/modul/TOOLCHAIN/bin/../lib/gcc/arm-elf/4.1.0/../../../../arm-elf/lib/thumb/interwork/libc.a(iswspace.o)
 .comment       0x0000046e       0x12 /home/afrendy/projdb/koding/atinom/modul/TOOLCHAIN/bin/../lib/gcc/arm-elf/4.1.0/../../../../arm-elf/lib/thumb/interwork/libc.a(locale.o)
 .comment       0x00000480       0x12 /home/afrendy/projdb/koding/atinom/modul/TOOLCHAIN/bin/../lib/gcc/arm-elf/4.1.0/../../../../arm-elf/lib/thumb/interwork/libc.a(makebuf.o)
 .comment       0x00000492       0x12 /home/afrendy/projdb/koding/atinom/modul/TOOLCHAIN/bin/../lib/gcc/arm-elf/4.1.0/../../../../arm-elf/lib/thumb/interwork/libc.a(mallocr.o)
 .comment       0x000004a4       0x12 /home/afrendy/projdb/koding/atinom/modul/TOOLCHAIN/bin/../lib/gcc/arm-elf/4.1.0/../../../../arm-elf/lib/thumb/interwork/libc.a(mbrtowc.o)
 .comment       0x000004b6       0x12 /home/afrendy/projdb/koding/atinom/modul/TOOLCHAIN/bin/../lib/gcc/arm-elf/4.1.0/../../../../arm-elf/lib/thumb/interwork/libc.a(mbtowc_r.o)
 .comment       0x000004c8       0x12 /home/afrendy/projdb/koding/atinom/modul/TOOLCHAIN/bin/../lib/gcc/arm-elf/4.1.0/../../../../arm-elf/lib/thumb/interwork/libc.a(memchr.o)
 .comment       0x000004da       0x12 /home/afrendy/projdb/koding/atinom/modul/TOOLCHAIN/bin/../lib/gcc/arm-elf/4.1.0/../../../../arm-elf/lib/thumb/interwork/libc.a(memmove.o)
 .comment       0x000004ec       0x12 /home/afrendy/projdb/koding/atinom/modul/TOOLCHAIN/bin/../lib/gcc/arm-elf/4.1.0/../../../../arm-elf/lib/thumb/interwork/libc.a(mlock.o)
 .comment       0x000004fe       0x12 /home/afrendy/projdb/koding/atinom/modul/TOOLCHAIN/bin/../lib/gcc/arm-elf/4.1.0/../../../../arm-elf/lib/thumb/interwork/libc.a(mprec.o)
 .comment       0x00000510       0x12 /home/afrendy/projdb/koding/atinom/modul/TOOLCHAIN/bin/../lib/gcc/arm-elf/4.1.0/../../../../arm-elf/lib/thumb/interwork/libc.a(reallocr.o)
 .comment       0x00000522       0x12 /home/afrendy/projdb/koding/atinom/modul/TOOLCHAIN/bin/../lib/gcc/arm-elf/4.1.0/../../../../arm-elf/lib/thumb/interwork/libc.a(refill.o)
 .comment       0x00000534       0x12 /home/afrendy/projdb/koding/atinom/modul/TOOLCHAIN/bin/../lib/gcc/arm-elf/4.1.0/../../../../arm-elf/lib/thumb/interwork/libc.a(s_isinf.o)
 .comment       0x00000546       0x12 /home/afrendy/projdb/koding/atinom/modul/TOOLCHAIN/bin/../lib/gcc/arm-elf/4.1.0/../../../../arm-elf/lib/thumb/interwork/libc.a(s_isnan.o)
 .comment       0x00000558       0x12 /home/afrendy/projdb/koding/atinom/modul/TOOLCHAIN/bin/../lib/gcc/arm-elf/4.1.0/../../../../arm-elf/lib/thumb/interwork/libc.a(sccl.o)
 .comment       0x0000056a       0x12 /home/afrendy/projdb/koding/atinom/modul/TOOLCHAIN/bin/../lib/gcc/arm-elf/4.1.0/../../../../arm-elf/lib/thumb/interwork/libc.a(sf_nan.o)
 .comment       0x0000057c       0x12 /home/afrendy/projdb/koding/atinom/modul/TOOLCHAIN/bin/../lib/gcc/arm-elf/4.1.0/../../../../arm-elf/lib/thumb/interwork/libc.a(stdio.o)
 .comment       0x0000058e       0x12 /home/afrendy/projdb/koding/atinom/modul/TOOLCHAIN/bin/../lib/gcc/arm-elf/4.1.0/../../../../arm-elf/lib/thumb/interwork/libc.a(strtod.o)
 .comment       0x000005a0       0x12 /home/afrendy/projdb/koding/atinom/modul/TOOLCHAIN/bin/../lib/gcc/arm-elf/4.1.0/../../../../arm-elf/lib/thumb/interwork/libc.a(strtoul.o)
 .comment       0x000005b2       0x12 /home/afrendy/projdb/koding/atinom/modul/TOOLCHAIN/bin/../lib/gcc/arm-elf/4.1.0/../../../../arm-elf/lib/thumb/interwork/libc.a(syscalls.o)
 .comment       0x000005c4       0x12 /home/afrendy/projdb/koding/atinom/modul/TOOLCHAIN/bin/../lib/gcc/arm-elf/4.1.0/../../../../arm-elf/lib/thumb/interwork/libc.a(ungetc.o)
 .comment       0x000005d6       0x12 /home/afrendy/projdb/koding/atinom/modul/TOOLCHAIN/bin/../lib/gcc/arm-elf/4.1.0/../../../../arm-elf/lib/thumb/interwork/libc.a(callocr.o)
 .comment       0x000005e8       0x12 /home/afrendy/projdb/koding/atinom/modul/TOOLCHAIN/bin/../lib/gcc/arm-elf/4.1.0/../../../../arm-elf/lib/thumb/interwork/libc.a(errno.o)
 .comment       0x000005fa       0x12 /home/afrendy/projdb/koding/atinom/modul/TOOLCHAIN/bin/../lib/gcc/arm-elf/4.1.0/../../../../arm-elf/lib/thumb/interwork/libc.a(fclose.o)
 .comment       0x0000060c       0x12 /home/afrendy/projdb/koding/atinom/modul/TOOLCHAIN/bin/../lib/gcc/arm-elf/4.1.0/../../../../arm-elf/lib/thumb/interwork/libc.a(s_nan.o)
 .comment       0x0000061e       0x12 /home/afrendy/projdb/koding/atinom/modul/TOOLCHAIN/bin/../lib/gcc/arm-elf/4.1.0/thumb/interwork/libgcc.a(_muldi3.o)
 .comment       0x00000630       0x12 /home/afrendy/projdb/koding/atinom/modul/TOOLCHAIN/bin/../lib/gcc/arm-elf/4.1.0/thumb/interwork/libgcc.a(_fixunssfsi.o)
 .comment       0x00000642       0x12 /home/afrendy/projdb/koding/atinom/modul/TOOLCHAIN/bin/../lib/gcc/arm-elf/4.1.0/thumb/interwork/libgcc.a(_addsub_sf.o)
 .comment       0x00000654       0x12 /home/afrendy/projdb/koding/atinom/modul/TOOLCHAIN/bin/../lib/gcc/arm-elf/4.1.0/thumb/interwork/libgcc.a(_mul_sf.o)
 .comment       0x00000666       0x12 /home/afrendy/projdb/koding/atinom/modul/TOOLCHAIN/bin/../lib/gcc/arm-elf/4.1.0/thumb/interwork/libgcc.a(_div_sf.o)
 .comment       0x00000678       0x12 /home/afrendy/projdb/koding/atinom/modul/TOOLCHAIN/bin/../lib/gcc/arm-elf/4.1.0/thumb/interwork/libgcc.a(_ge_sf.o)
 .comment       0x0000068a       0x12 /home/afrendy/projdb/koding/atinom/modul/TOOLCHAIN/bin/../lib/gcc/arm-elf/4.1.0/thumb/interwork/libgcc.a(_si_to_sf.o)
 .comment       0x0000069c       0x12 /home/afrendy/projdb/koding/atinom/modul/TOOLCHAIN/bin/../lib/gcc/arm-elf/4.1.0/thumb/interwork/libgcc.a(_sf_to_si.o)
 .comment       0x000006ae       0x12 /home/afrendy/projdb/koding/atinom/modul/TOOLCHAIN/bin/../lib/gcc/arm-elf/4.1.0/thumb/interwork/libgcc.a(_sf_to_df.o)
 .comment       0x000006c0       0x12 /home/afrendy/projdb/koding/atinom/modul/TOOLCHAIN/bin/../lib/gcc/arm-elf/4.1.0/thumb/interwork/libgcc.a(_thenan_sf.o)
 .comment       0x000006d2       0x12 /home/afrendy/projdb/koding/atinom/modul/TOOLCHAIN/bin/../lib/gcc/arm-elf/4.1.0/thumb/interwork/libgcc.a(_addsub_df.o)
 .comment       0x000006e4       0x12 /home/afrendy/projdb/koding/atinom/modul/TOOLCHAIN/bin/../lib/gcc/arm-elf/4.1.0/thumb/interwork/libgcc.a(_mul_df.o)
 .comment       0x000006f6       0x12 /home/afrendy/projdb/koding/atinom/modul/TOOLCHAIN/bin/../lib/gcc/arm-elf/4.1.0/thumb/interwork/libgcc.a(_div_df.o)
 .comment       0x00000708       0x12 /home/afrendy/projdb/koding/atinom/modul/TOOLCHAIN/bin/../lib/gcc/arm-elf/4.1.0/thumb/interwork/libgcc.a(_eq_df.o)
 .comment       0x0000071a       0x12 /home/afrendy/projdb/koding/atinom/modul/TOOLCHAIN/bin/../lib/gcc/arm-elf/4.1.0/thumb/interwork/libgcc.a(_ne_df.o)
 .comment       0x0000072c       0x12 /home/afrendy/projdb/koding/atinom/modul/TOOLCHAIN/bin/../lib/gcc/arm-elf/4.1.0/thumb/interwork/libgcc.a(_gt_df.o)
 .comment       0x0000073e       0x12 /home/afrendy/projdb/koding/atinom/modul/TOOLCHAIN/bin/../lib/gcc/arm-elf/4.1.0/thumb/interwork/libgcc.a(_ge_df.o)
 .comment       0x00000750       0x12 /home/afrendy/projdb/koding/atinom/modul/TOOLCHAIN/bin/../lib/gcc/arm-elf/4.1.0/thumb/interwork/libgcc.a(_lt_df.o)
 .comment       0x00000762       0x12 /home/afrendy/projdb/koding/atinom/modul/TOOLCHAIN/bin/../lib/gcc/arm-elf/4.1.0/thumb/interwork/libgcc.a(_le_df.o)
 .comment       0x00000774       0x12 /home/afrendy/projdb/koding/atinom/modul/TOOLCHAIN/bin/../lib/gcc/arm-elf/4.1.0/thumb/interwork/libgcc.a(_si_to_df.o)
 .comment       0x00000786       0x12 /home/afrendy/projdb/koding/atinom/modul/TOOLCHAIN/bin/../lib/gcc/arm-elf/4.1.0/thumb/interwork/libgcc.a(_df_to_si.o)
 .comment       0x00000798       0x12 /home/afrendy/projdb/koding/atinom/modul/TOOLCHAIN/bin/../lib/gcc/arm-elf/4.1.0/thumb/interwork/libgcc.a(_make_df.o)
 .comment       0x000007aa       0x12 /home/afrendy/projdb/koding/atinom/modul/TOOLCHAIN/bin/../lib/gcc/arm-elf/4.1.0/thumb/interwork/libgcc.a(_df_to_sf.o)
 .comment       0x000007bc       0x12 /home/afrendy/projdb/koding/atinom/modul/TOOLCHAIN/bin/../lib/gcc/arm-elf/4.1.0/thumb/interwork/libgcc.a(_thenan_df.o)
 .comment       0x000007ce       0x12 /home/afrendy/projdb/koding/atinom/modul/TOOLCHAIN/bin/../lib/gcc/arm-elf/4.1.0/thumb/interwork/libgcc.a(_pack_sf.o)
 .comment       0x000007e0       0x12 /home/afrendy/projdb/koding/atinom/modul/TOOLCHAIN/bin/../lib/gcc/arm-elf/4.1.0/thumb/interwork/libgcc.a(_unpack_sf.o)
 .comment       0x000007f2       0x12 /home/afrendy/projdb/koding/atinom/modul/TOOLCHAIN/bin/../lib/gcc/arm-elf/4.1.0/thumb/interwork/libgcc.a(_fpcmp_parts_sf.o)
 .comment       0x00000804       0x12 /home/afrendy/projdb/koding/atinom/modul/TOOLCHAIN/bin/../lib/gcc/arm-elf/4.1.0/thumb/interwork/libgcc.a(_make_sf.o)
 .comment       0x00000816       0x12 /home/afrendy/projdb/koding/atinom/modul/TOOLCHAIN/bin/../lib/gcc/arm-elf/4.1.0/thumb/interwork/libgcc.a(_pack_df.o)
 .comment       0x00000828       0x12 /home/afrendy/projdb/koding/atinom/modul/TOOLCHAIN/bin/../lib/gcc/arm-elf/4.1.0/thumb/interwork/libgcc.a(_unpack_df.o)
 .comment       0x0000083a       0x12 /home/afrendy/projdb/koding/atinom/modul/TOOLCHAIN/bin/../lib/gcc/arm-elf/4.1.0/thumb/interwork/libgcc.a(_fpcmp_parts_df.o)

.debug_abbrev   0x00000000     0x75fe
 .debug_abbrev  0x00000000      0x176 /home/afrendy/projdb/koding/atinom/modul/TOOLCHAIN/bin/../lib/gcc/arm-elf/4.1.0/../../../../arm-elf/lib/thumb/interwork/libc.a(atoi.o)
 .debug_abbrev  0x00000176       0x99 /home/afrendy/projdb/koding/atinom/modul/TOOLCHAIN/bin/../lib/gcc/arm-elf/4.1.0/../../../../arm-elf/lib/thumb/interwork/libc.a(memcpy.o)
 .debug_abbrev  0x0000020f       0x9a /home/afrendy/projdb/koding/atinom/modul/TOOLCHAIN/bin/../lib/gcc/arm-elf/4.1.0/../../../../arm-elf/lib/thumb/interwork/libc.a(memset.o)
 .debug_abbrev  0x000002a9      0x193 /home/afrendy/projdb/koding/atinom/modul/TOOLCHAIN/bin/../lib/gcc/arm-elf/4.1.0/../../../../arm-elf/lib/thumb/interwork/libc.a(puts.o)
 .debug_abbrev  0x0000043c      0x185 /home/afrendy/projdb/koding/atinom/modul/TOOLCHAIN/bin/../lib/gcc/arm-elf/4.1.0/../../../../arm-elf/lib/thumb/interwork/libc.a(rand.o)
 .debug_abbrev  0x000005c1      0x193 /home/afrendy/projdb/koding/atinom/modul/TOOLCHAIN/bin/../lib/gcc/arm-elf/4.1.0/../../../../arm-elf/lib/thumb/interwork/libc.a(sprintf.o)
 .debug_abbrev  0x00000754      0x1c8 /home/afrendy/projdb/koding/atinom/modul/TOOLCHAIN/bin/../lib/gcc/arm-elf/4.1.0/../../../../arm-elf/lib/thumb/interwork/libc.a(sscanf.o)
 .debug_abbrev  0x0000091c       0x8f /home/afrendy/projdb/koding/atinom/modul/TOOLCHAIN/bin/../lib/gcc/arm-elf/4.1.0/../../../../arm-elf/lib/thumb/interwork/libc.a(strchr.o)
 .debug_abbrev  0x000009ab       0x71 /home/afrendy/projdb/koding/atinom/modul/TOOLCHAIN/bin/../lib/gcc/arm-elf/4.1.0/../../../../arm-elf/lib/thumb/interwork/libc.a(strcmp.o)
 .debug_abbrev  0x00000a1c       0x80 /home/afrendy/projdb/koding/atinom/modul/TOOLCHAIN/bin/../lib/gcc/arm-elf/4.1.0/../../../../arm-elf/lib/thumb/interwork/libc.a(strcpy.o)
 .debug_abbrev  0x00000a9c       0x8b /home/afrendy/projdb/koding/atinom/modul/TOOLCHAIN/bin/../lib/gcc/arm-elf/4.1.0/../../../../arm-elf/lib/thumb/interwork/libc.a(strlen.o)
 .debug_abbrev  0x00000b27       0x83 /home/afrendy/projdb/koding/atinom/modul/TOOLCHAIN/bin/../lib/gcc/arm-elf/4.1.0/../../../../arm-elf/lib/thumb/interwork/libc.a(strstr.o)
 .debug_abbrev  0x00000baa      0x1ae /home/afrendy/projdb/koding/atinom/modul/TOOLCHAIN/bin/../lib/gcc/arm-elf/4.1.0/../../../../arm-elf/lib/thumb/interwork/libc.a(strtol.o)
 .debug_abbrev  0x00000d58      0x356 /home/afrendy/projdb/koding/atinom/modul/TOOLCHAIN/bin/../lib/gcc/arm-elf/4.1.0/../../../../arm-elf/lib/thumb/interwork/libc.a(vfprintf.o)
 .debug_abbrev  0x000010ae      0x26d /home/afrendy/projdb/koding/atinom/modul/TOOLCHAIN/bin/../lib/gcc/arm-elf/4.1.0/../../../../arm-elf/lib/thumb/interwork/libc.a(vfscanf.o)
 .debug_abbrev  0x0000131b      0x17f /home/afrendy/projdb/koding/atinom/modul/TOOLCHAIN/bin/../lib/gcc/arm-elf/4.1.0/../../../../arm-elf/lib/thumb/interwork/libc.a(vsprintf.o)
 .debug_abbrev  0x0000149a      0x18e /home/afrendy/projdb/koding/atinom/modul/TOOLCHAIN/bin/../lib/gcc/arm-elf/4.1.0/../../../../arm-elf/lib/thumb/interwork/libc.a(wcrtomb.o)
 .debug_abbrev  0x00001628      0x1a4 /home/afrendy/projdb/koding/atinom/modul/TOOLCHAIN/bin/../lib/gcc/arm-elf/4.1.0/../../../../arm-elf/lib/thumb/interwork/libc.a(wcsrtombs.o)
 .debug_abbrev  0x000017cc      0x1ab /home/afrendy/projdb/koding/atinom/modul/TOOLCHAIN/bin/../lib/gcc/arm-elf/4.1.0/../../../../arm-elf/lib/thumb/interwork/libc.a(wctomb_r.o)
 .debug_abbrev  0x00001977      0x170 /home/afrendy/projdb/koding/atinom/modul/TOOLCHAIN/bin/../lib/gcc/arm-elf/4.1.0/../../../../arm-elf/lib/thumb/interwork/libc.a(wsetup.o)
 .debug_abbrev  0x00001ae7       0x52 /home/afrendy/projdb/koding/atinom/modul/TOOLCHAIN/bin/../lib/gcc/arm-elf/4.1.0/../../../../arm-elf/lib/thumb/interwork/libc.a(ctype_.o)
 .debug_abbrev  0x00001b39      0x214 /home/afrendy/projdb/koding/atinom/modul/TOOLCHAIN/bin/../lib/gcc/arm-elf/4.1.0/../../../../arm-elf/lib/thumb/interwork/libc.a(dtoa.o)
 .debug_abbrev  0x00001d4d      0x17f /home/afrendy/projdb/koding/atinom/modul/TOOLCHAIN/bin/../lib/gcc/arm-elf/4.1.0/../../../../arm-elf/lib/thumb/interwork/libc.a(fflush.o)
 .debug_abbrev  0x00001ecc      0x24a /home/afrendy/projdb/koding/atinom/modul/TOOLCHAIN/bin/../lib/gcc/arm-elf/4.1.0/../../../../arm-elf/lib/thumb/interwork/libc.a(findfp.o)
 .debug_abbrev  0x00002116      0x1c7 /home/afrendy/projdb/koding/atinom/modul/TOOLCHAIN/bin/../lib/gcc/arm-elf/4.1.0/../../../../arm-elf/lib/thumb/interwork/libc.a(fread.o)
 .debug_abbrev  0x000022dd      0x1d9 /home/afrendy/projdb/koding/atinom/modul/TOOLCHAIN/bin/../lib/gcc/arm-elf/4.1.0/../../../../arm-elf/lib/thumb/interwork/libc.a(freer.o)
 .debug_abbrev  0x000024b6      0x1b4 /home/afrendy/projdb/koding/atinom/modul/TOOLCHAIN/bin/../lib/gcc/arm-elf/4.1.0/../../../../arm-elf/lib/thumb/interwork/libc.a(fvwrite.o)
 .debug_abbrev  0x0000266a      0x1e3 /home/afrendy/projdb/koding/atinom/modul/TOOLCHAIN/bin/../lib/gcc/arm-elf/4.1.0/../../../../arm-elf/lib/thumb/interwork/libc.a(fwalk.o)
 .debug_abbrev  0x0000284d      0x157 /home/afrendy/projdb/koding/atinom/modul/TOOLCHAIN/bin/../lib/gcc/arm-elf/4.1.0/../../../../arm-elf/lib/thumb/interwork/libc.a(impure.o)
 .debug_abbrev  0x000029a4       0x9f /home/afrendy/projdb/koding/atinom/modul/TOOLCHAIN/bin/../lib/gcc/arm-elf/4.1.0/../../../../arm-elf/lib/thumb/interwork/libc.a(iswspace.o)
 .debug_abbrev  0x00002a43      0x20e /home/afrendy/projdb/koding/atinom/modul/TOOLCHAIN/bin/../lib/gcc/arm-elf/4.1.0/../../../../arm-elf/lib/thumb/interwork/libc.a(locale.o)
 .debug_abbrev  0x00002c51      0x1a8 /home/afrendy/projdb/koding/atinom/modul/TOOLCHAIN/bin/../lib/gcc/arm-elf/4.1.0/../../../../arm-elf/lib/thumb/interwork/libc.a(makebuf.o)
 .debug_abbrev  0x00002df9      0x216 /home/afrendy/projdb/koding/atinom/modul/TOOLCHAIN/bin/../lib/gcc/arm-elf/4.1.0/../../../../arm-elf/lib/thumb/interwork/libc.a(mallocr.o)
 .debug_abbrev  0x0000300f      0x17f /home/afrendy/projdb/koding/atinom/modul/TOOLCHAIN/bin/../lib/gcc/arm-elf/4.1.0/../../../../arm-elf/lib/thumb/interwork/libc.a(mbrtowc.o)
 .debug_abbrev  0x0000318e      0x199 /home/afrendy/projdb/koding/atinom/modul/TOOLCHAIN/bin/../lib/gcc/arm-elf/4.1.0/../../../../arm-elf/lib/thumb/interwork/libc.a(mbtowc_r.o)
 .debug_abbrev  0x00003327       0xb5 /home/afrendy/projdb/koding/atinom/modul/TOOLCHAIN/bin/../lib/gcc/arm-elf/4.1.0/../../../../arm-elf/lib/thumb/interwork/libc.a(memchr.o)
 .debug_abbrev  0x000033dc       0x99 /home/afrendy/projdb/koding/atinom/modul/TOOLCHAIN/bin/../lib/gcc/arm-elf/4.1.0/../../../../arm-elf/lib/thumb/interwork/libc.a(memmove.o)
 .debug_abbrev  0x00003475      0x16a /home/afrendy/projdb/koding/atinom/modul/TOOLCHAIN/bin/../lib/gcc/arm-elf/4.1.0/../../../../arm-elf/lib/thumb/interwork/libc.a(mlock.o)
 .debug_abbrev  0x000035df      0x262 /home/afrendy/projdb/koding/atinom/modul/TOOLCHAIN/bin/../lib/gcc/arm-elf/4.1.0/../../../../arm-elf/lib/thumb/interwork/libc.a(mprec.o)
 .debug_abbrev  0x00003841      0x1c3 /home/afrendy/projdb/koding/atinom/modul/TOOLCHAIN/bin/../lib/gcc/arm-elf/4.1.0/../../../../arm-elf/lib/thumb/interwork/libc.a(reallocr.o)
 .debug_abbrev  0x00003a04      0x187 /home/afrendy/projdb/koding/atinom/modul/TOOLCHAIN/bin/../lib/gcc/arm-elf/4.1.0/../../../../arm-elf/lib/thumb/interwork/libc.a(refill.o)
 .debug_abbrev  0x00003b8b       0x79 /home/afrendy/projdb/koding/atinom/modul/TOOLCHAIN/bin/../lib/gcc/arm-elf/4.1.0/../../../../arm-elf/lib/thumb/interwork/libc.a(s_isinf.o)
 .debug_abbrev  0x00003c04       0x79 /home/afrendy/projdb/koding/atinom/modul/TOOLCHAIN/bin/../lib/gcc/arm-elf/4.1.0/../../../../arm-elf/lib/thumb/interwork/libc.a(s_isnan.o)
 .debug_abbrev  0x00003c7d       0x84 /home/afrendy/projdb/koding/atinom/modul/TOOLCHAIN/bin/../lib/gcc/arm-elf/4.1.0/../../../../arm-elf/lib/thumb/interwork/libc.a(sccl.o)
 .debug_abbrev  0x00003d01       0x6d /home/afrendy/projdb/koding/atinom/modul/TOOLCHAIN/bin/../lib/gcc/arm-elf/4.1.0/../../../../arm-elf/lib/thumb/interwork/libc.a(sf_nan.o)
 .debug_abbrev  0x00003d6e      0x1aa /home/afrendy/projdb/koding/atinom/modul/TOOLCHAIN/bin/../lib/gcc/arm-elf/4.1.0/../../../../arm-elf/lib/thumb/interwork/libc.a(stdio.o)
 .debug_abbrev  0x00003f18      0x21a /home/afrendy/projdb/koding/atinom/modul/TOOLCHAIN/bin/../lib/gcc/arm-elf/4.1.0/../../../../arm-elf/lib/thumb/interwork/libc.a(strtod.o)
 .debug_abbrev  0x00004132      0x1ac /home/afrendy/projdb/koding/atinom/modul/TOOLCHAIN/bin/../lib/gcc/arm-elf/4.1.0/../../../../arm-elf/lib/thumb/interwork/libc.a(strtoul.o)
 .debug_abbrev  0x000042de      0x3e4 /home/afrendy/projdb/koding/atinom/modul/TOOLCHAIN/bin/../lib/gcc/arm-elf/4.1.0/../../../../arm-elf/lib/thumb/interwork/libc.a(syscalls.o)
 .debug_abbrev  0x000046c2      0x18e /home/afrendy/projdb/koding/atinom/modul/TOOLCHAIN/bin/../lib/gcc/arm-elf/4.1.0/../../../../arm-elf/lib/thumb/interwork/libc.a(ungetc.o)
 .debug_abbrev  0x00004850      0x1af /home/afrendy/projdb/koding/atinom/modul/TOOLCHAIN/bin/../lib/gcc/arm-elf/4.1.0/../../../../arm-elf/lib/thumb/interwork/libc.a(callocr.o)
 .debug_abbrev  0x000049ff      0x15f /home/afrendy/projdb/koding/atinom/modul/TOOLCHAIN/bin/../lib/gcc/arm-elf/4.1.0/../../../../arm-elf/lib/thumb/interwork/libc.a(errno.o)
 .debug_abbrev  0x00004b5e      0x18e /home/afrendy/projdb/koding/atinom/modul/TOOLCHAIN/bin/../lib/gcc/arm-elf/4.1.0/../../../../arm-elf/lib/thumb/interwork/libc.a(fclose.o)
 .debug_abbrev  0x00004cec       0xd5 /home/afrendy/projdb/koding/atinom/modul/TOOLCHAIN/bin/../lib/gcc/arm-elf/4.1.0/../../../../arm-elf/lib/thumb/interwork/libc.a(s_nan.o)
 .debug_abbrev  0x00004dc1       0x14 /home/afrendy/projdb/koding/atinom/modul/TOOLCHAIN/bin/../lib/gcc/arm-elf/4.1.0/thumb/interwork/libgcc.a(_udivsi3.o)
 .debug_abbrev  0x00004dd5       0x14 /home/afrendy/projdb/koding/atinom/modul/TOOLCHAIN/bin/../lib/gcc/arm-elf/4.1.0/thumb/interwork/libgcc.a(_divsi3.o)
 .debug_abbrev  0x00004de9       0x14 /home/afrendy/projdb/koding/atinom/modul/TOOLCHAIN/bin/../lib/gcc/arm-elf/4.1.0/thumb/interwork/libgcc.a(_umodsi3.o)
 .debug_abbrev  0x00004dfd       0x14 /home/afrendy/projdb/koding/atinom/modul/TOOLCHAIN/bin/../lib/gcc/arm-elf/4.1.0/thumb/interwork/libgcc.a(_modsi3.o)
 .debug_abbrev  0x00004e11       0x14 /home/afrendy/projdb/koding/atinom/modul/TOOLCHAIN/bin/../lib/gcc/arm-elf/4.1.0/thumb/interwork/libgcc.a(_dvmd_tls.o)
 .debug_abbrev  0x00004e25       0xec /home/afrendy/projdb/koding/atinom/modul/TOOLCHAIN/bin/../lib/gcc/arm-elf/4.1.0/thumb/interwork/libgcc.a(_muldi3.o)
 .debug_abbrev  0x00004f11       0x5d /home/afrendy/projdb/koding/atinom/modul/TOOLCHAIN/bin/../lib/gcc/arm-elf/4.1.0/thumb/interwork/libgcc.a(_fixunssfsi.o)
 .debug_abbrev  0x00004f6e      0x1a8 /home/afrendy/projdb/koding/atinom/modul/TOOLCHAIN/bin/../lib/gcc/arm-elf/4.1.0/thumb/interwork/libgcc.a(_addsub_sf.o)
 .debug_abbrev  0x00005116      0x1e7 /home/afrendy/projdb/koding/atinom/modul/TOOLCHAIN/bin/../lib/gcc/arm-elf/4.1.0/thumb/interwork/libgcc.a(_mul_sf.o)
 .debug_abbrev  0x000052fd      0x1d9 /home/afrendy/projdb/koding/atinom/modul/TOOLCHAIN/bin/../lib/gcc/arm-elf/4.1.0/thumb/interwork/libgcc.a(_div_sf.o)
 .debug_abbrev  0x000054d6      0x157 /home/afrendy/projdb/koding/atinom/modul/TOOLCHAIN/bin/../lib/gcc/arm-elf/4.1.0/thumb/interwork/libgcc.a(_ge_sf.o)
 .debug_abbrev  0x0000562d       0xf1 /home/afrendy/projdb/koding/atinom/modul/TOOLCHAIN/bin/../lib/gcc/arm-elf/4.1.0/thumb/interwork/libgcc.a(_si_to_sf.o)
 .debug_abbrev  0x0000571e      0x166 /home/afrendy/projdb/koding/atinom/modul/TOOLCHAIN/bin/../lib/gcc/arm-elf/4.1.0/thumb/interwork/libgcc.a(_sf_to_si.o)
 .debug_abbrev  0x00005884      0x128 /home/afrendy/projdb/koding/atinom/modul/TOOLCHAIN/bin/../lib/gcc/arm-elf/4.1.0/thumb/interwork/libgcc.a(_sf_to_df.o)
 .debug_abbrev  0x000059ac       0xba /home/afrendy/projdb/koding/atinom/modul/TOOLCHAIN/bin/../lib/gcc/arm-elf/4.1.0/thumb/interwork/libgcc.a(_thenan_sf.o)
 .debug_abbrev  0x00005a66      0x1a8 /home/afrendy/projdb/koding/atinom/modul/TOOLCHAIN/bin/../lib/gcc/arm-elf/4.1.0/thumb/interwork/libgcc.a(_addsub_df.o)
 .debug_abbrev  0x00005c0e      0x1e7 /home/afrendy/projdb/koding/atinom/modul/TOOLCHAIN/bin/../lib/gcc/arm-elf/4.1.0/thumb/interwork/libgcc.a(_mul_df.o)
 .debug_abbrev  0x00005df5      0x1d9 /home/afrendy/projdb/koding/atinom/modul/TOOLCHAIN/bin/../lib/gcc/arm-elf/4.1.0/thumb/interwork/libgcc.a(_div_df.o)
 .debug_abbrev  0x00005fce      0x157 /home/afrendy/projdb/koding/atinom/modul/TOOLCHAIN/bin/../lib/gcc/arm-elf/4.1.0/thumb/interwork/libgcc.a(_eq_df.o)
 .debug_abbrev  0x00006125      0x157 /home/afrendy/projdb/koding/atinom/modul/TOOLCHAIN/bin/../lib/gcc/arm-elf/4.1.0/thumb/interwork/libgcc.a(_ne_df.o)
 .debug_abbrev  0x0000627c      0x157 /home/afrendy/projdb/koding/atinom/modul/TOOLCHAIN/bin/../lib/gcc/arm-elf/4.1.0/thumb/interwork/libgcc.a(_gt_df.o)
 .debug_abbrev  0x000063d3      0x157 /home/afrendy/projdb/koding/atinom/modul/TOOLCHAIN/bin/../lib/gcc/arm-elf/4.1.0/thumb/interwork/libgcc.a(_ge_df.o)
 .debug_abbrev  0x0000652a      0x157 /home/afrendy/projdb/koding/atinom/modul/TOOLCHAIN/bin/../lib/gcc/arm-elf/4.1.0/thumb/interwork/libgcc.a(_lt_df.o)
 .debug_abbrev  0x00006681      0x157 /home/afrendy/projdb/koding/atinom/modul/TOOLCHAIN/bin/../lib/gcc/arm-elf/4.1.0/thumb/interwork/libgcc.a(_le_df.o)
 .debug_abbrev  0x000067d8       0xf1 /home/afrendy/projdb/koding/atinom/modul/TOOLCHAIN/bin/../lib/gcc/arm-elf/4.1.0/thumb/interwork/libgcc.a(_si_to_df.o)
 .debug_abbrev  0x000068c9      0x166 /home/afrendy/projdb/koding/atinom/modul/TOOLCHAIN/bin/../lib/gcc/arm-elf/4.1.0/thumb/interwork/libgcc.a(_df_to_si.o)
 .debug_abbrev  0x00006a2f      0x10f /home/afrendy/projdb/koding/atinom/modul/TOOLCHAIN/bin/../lib/gcc/arm-elf/4.1.0/thumb/interwork/libgcc.a(_make_df.o)
 .debug_abbrev  0x00006b3e      0x137 /home/afrendy/projdb/koding/atinom/modul/TOOLCHAIN/bin/../lib/gcc/arm-elf/4.1.0/thumb/interwork/libgcc.a(_df_to_sf.o)
 .debug_abbrev  0x00006c75       0xba /home/afrendy/projdb/koding/atinom/modul/TOOLCHAIN/bin/../lib/gcc/arm-elf/4.1.0/thumb/interwork/libgcc.a(_thenan_df.o)
 .debug_abbrev  0x00006d2f      0x17a /home/afrendy/projdb/koding/atinom/modul/TOOLCHAIN/bin/../lib/gcc/arm-elf/4.1.0/thumb/interwork/libgcc.a(_pack_sf.o)
 .debug_abbrev  0x00006ea9      0x158 /home/afrendy/projdb/koding/atinom/modul/TOOLCHAIN/bin/../lib/gcc/arm-elf/4.1.0/thumb/interwork/libgcc.a(_unpack_sf.o)
 .debug_abbrev  0x00007001      0x111 /home/afrendy/projdb/koding/atinom/modul/TOOLCHAIN/bin/../lib/gcc/arm-elf/4.1.0/thumb/interwork/libgcc.a(_fpcmp_parts_sf.o)
 .debug_abbrev  0x00007112      0x100 /home/afrendy/projdb/koding/atinom/modul/TOOLCHAIN/bin/../lib/gcc/arm-elf/4.1.0/thumb/interwork/libgcc.a(_make_sf.o)
 .debug_abbrev  0x00007212      0x192 /home/afrendy/projdb/koding/atinom/modul/TOOLCHAIN/bin/../lib/gcc/arm-elf/4.1.0/thumb/interwork/libgcc.a(_pack_df.o)
 .debug_abbrev  0x000073a4      0x149 /home/afrendy/projdb/koding/atinom/modul/TOOLCHAIN/bin/../lib/gcc/arm-elf/4.1.0/thumb/interwork/libgcc.a(_unpack_df.o)
 .debug_abbrev  0x000074ed      0x111 /home/afrendy/projdb/koding/atinom/modul/TOOLCHAIN/bin/../lib/gcc/arm-elf/4.1.0/thumb/interwork/libgcc.a(_fpcmp_parts_df.o)

.debug_info     0x00000000    0x20b52
 .debug_info    0x00000000      0x949 /home/afrendy/projdb/koding/atinom/modul/TOOLCHAIN/bin/../lib/gcc/arm-elf/4.1.0/../../../../arm-elf/lib/thumb/interwork/libc.a(atoi.o)
 .debug_info    0x00000949      0x10e /home/afrendy/projdb/koding/atinom/modul/TOOLCHAIN/bin/../lib/gcc/arm-elf/4.1.0/../../../../arm-elf/lib/thumb/interwork/libc.a(memcpy.o)
 .debug_info    0x00000a57      0x112 /home/afrendy/projdb/koding/atinom/modul/TOOLCHAIN/bin/../lib/gcc/arm-elf/4.1.0/../../../../arm-elf/lib/thumb/interwork/libc.a(memset.o)
 .debug_info    0x00000b69      0xa13 /home/afrendy/projdb/koding/atinom/modul/TOOLCHAIN/bin/../lib/gcc/arm-elf/4.1.0/../../../../arm-elf/lib/thumb/interwork/libc.a(puts.o)
 .debug_info    0x0000157c      0x934 /home/afrendy/projdb/koding/atinom/modul/TOOLCHAIN/bin/../lib/gcc/arm-elf/4.1.0/../../../../arm-elf/lib/thumb/interwork/libc.a(rand.o)
 .debug_info    0x00001eb0      0xa02 /home/afrendy/projdb/koding/atinom/modul/TOOLCHAIN/bin/../lib/gcc/arm-elf/4.1.0/../../../../arm-elf/lib/thumb/interwork/libc.a(sprintf.o)
 .debug_info    0x000028b2      0xa4c /home/afrendy/projdb/koding/atinom/modul/TOOLCHAIN/bin/../lib/gcc/arm-elf/4.1.0/../../../../arm-elf/lib/thumb/interwork/libc.a(sscanf.o)
 .debug_info    0x000032fe      0x111 /home/afrendy/projdb/koding/atinom/modul/TOOLCHAIN/bin/../lib/gcc/arm-elf/4.1.0/../../../../arm-elf/lib/thumb/interwork/libc.a(strchr.o)
 .debug_info    0x0000340f       0xda /home/afrendy/projdb/koding/atinom/modul/TOOLCHAIN/bin/../lib/gcc/arm-elf/4.1.0/../../../../arm-elf/lib/thumb/interwork/libc.a(strcmp.o)
 .debug_info    0x000034e9      0x10d /home/afrendy/projdb/koding/atinom/modul/TOOLCHAIN/bin/../lib/gcc/arm-elf/4.1.0/../../../../arm-elf/lib/thumb/interwork/libc.a(strcpy.o)
 .debug_info    0x000035f6       0xd6 /home/afrendy/projdb/koding/atinom/modul/TOOLCHAIN/bin/../lib/gcc/arm-elf/4.1.0/../../../../arm-elf/lib/thumb/interwork/libc.a(strlen.o)
 .debug_info    0x000036cc       0xda /home/afrendy/projdb/koding/atinom/modul/TOOLCHAIN/bin/../lib/gcc/arm-elf/4.1.0/../../../../arm-elf/lib/thumb/interwork/libc.a(strstr.o)
 .debug_info    0x000037a6      0xa11 /home/afrendy/projdb/koding/atinom/modul/TOOLCHAIN/bin/../lib/gcc/arm-elf/4.1.0/../../../../arm-elf/lib/thumb/interwork/libc.a(strtol.o)
 .debug_info    0x000041b7     0x10eb /home/afrendy/projdb/koding/atinom/modul/TOOLCHAIN/bin/../lib/gcc/arm-elf/4.1.0/../../../../arm-elf/lib/thumb/interwork/libc.a(vfprintf.o)
 .debug_info    0x000052a2      0xe13 /home/afrendy/projdb/koding/atinom/modul/TOOLCHAIN/bin/../lib/gcc/arm-elf/4.1.0/../../../../arm-elf/lib/thumb/interwork/libc.a(vfscanf.o)
 .debug_info    0x000060b5      0x9f7 /home/afrendy/projdb/koding/atinom/modul/TOOLCHAIN/bin/../lib/gcc/arm-elf/4.1.0/../../../../arm-elf/lib/thumb/interwork/libc.a(vsprintf.o)
 .debug_info    0x00006aac      0x9ef /home/afrendy/projdb/koding/atinom/modul/TOOLCHAIN/bin/../lib/gcc/arm-elf/4.1.0/../../../../arm-elf/lib/thumb/interwork/libc.a(wcrtomb.o)
 .debug_info    0x0000749b      0xa84 /home/afrendy/projdb/koding/atinom/modul/TOOLCHAIN/bin/../lib/gcc/arm-elf/4.1.0/../../../../arm-elf/lib/thumb/interwork/libc.a(wcsrtombs.o)
 .debug_info    0x00007f1f      0x9f7 /home/afrendy/projdb/koding/atinom/modul/TOOLCHAIN/bin/../lib/gcc/arm-elf/4.1.0/../../../../arm-elf/lib/thumb/interwork/libc.a(wctomb_r.o)
 .debug_info    0x00008916      0x93a /home/afrendy/projdb/koding/atinom/modul/TOOLCHAIN/bin/../lib/gcc/arm-elf/4.1.0/../../../../arm-elf/lib/thumb/interwork/libc.a(wsetup.o)
 .debug_info    0x00009250       0x79 /home/afrendy/projdb/koding/atinom/modul/TOOLCHAIN/bin/../lib/gcc/arm-elf/4.1.0/../../../../arm-elf/lib/thumb/interwork/libc.a(ctype_.o)
 .debug_info    0x000092c9      0xd65 /home/afrendy/projdb/koding/atinom/modul/TOOLCHAIN/bin/../lib/gcc/arm-elf/4.1.0/../../../../arm-elf/lib/thumb/interwork/libc.a(dtoa.o)
 .debug_info    0x0000a02e      0x974 /home/afrendy/projdb/koding/atinom/modul/TOOLCHAIN/bin/../lib/gcc/arm-elf/4.1.0/../../../../arm-elf/lib/thumb/interwork/libc.a(fflush.o)
 .debug_info    0x0000a9a2      0xb67 /home/afrendy/projdb/koding/atinom/modul/TOOLCHAIN/bin/../lib/gcc/arm-elf/4.1.0/../../../../arm-elf/lib/thumb/interwork/libc.a(findfp.o)
 .debug_info    0x0000b509      0x9fc /home/afrendy/projdb/koding/atinom/modul/TOOLCHAIN/bin/../lib/gcc/arm-elf/4.1.0/../../../../arm-elf/lib/thumb/interwork/libc.a(fread.o)
 .debug_info    0x0000bf05      0xbb5 /home/afrendy/projdb/koding/atinom/modul/TOOLCHAIN/bin/../lib/gcc/arm-elf/4.1.0/../../../../arm-elf/lib/thumb/interwork/libc.a(freer.o)
 .debug_info    0x0000caba      0xa5f /home/afrendy/projdb/koding/atinom/modul/TOOLCHAIN/bin/../lib/gcc/arm-elf/4.1.0/../../../../arm-elf/lib/thumb/interwork/libc.a(fvwrite.o)
 .debug_info    0x0000d519      0xad9 /home/afrendy/projdb/koding/atinom/modul/TOOLCHAIN/bin/../lib/gcc/arm-elf/4.1.0/../../../../arm-elf/lib/thumb/interwork/libc.a(fwalk.o)
 .debug_info    0x0000dff2      0x922 /home/afrendy/projdb/koding/atinom/modul/TOOLCHAIN/bin/../lib/gcc/arm-elf/4.1.0/../../../../arm-elf/lib/thumb/interwork/libc.a(impure.o)
 .debug_info    0x0000e914       0xe8 /home/afrendy/projdb/koding/atinom/modul/TOOLCHAIN/bin/../lib/gcc/arm-elf/4.1.0/../../../../arm-elf/lib/thumb/interwork/libc.a(iswspace.o)
 .debug_info    0x0000e9fc      0xb82 /home/afrendy/projdb/koding/atinom/modul/TOOLCHAIN/bin/../lib/gcc/arm-elf/4.1.0/../../../../arm-elf/lib/thumb/interwork/libc.a(locale.o)
 .debug_info    0x0000f57e      0xad9 /home/afrendy/projdb/koding/atinom/modul/TOOLCHAIN/bin/../lib/gcc/arm-elf/4.1.0/../../../../arm-elf/lib/thumb/interwork/libc.a(makebuf.o)
 .debug_info    0x00010057      0xcbc /home/afrendy/projdb/koding/atinom/modul/TOOLCHAIN/bin/../lib/gcc/arm-elf/4.1.0/../../../../arm-elf/lib/thumb/interwork/libc.a(mallocr.o)
 .debug_info    0x00010d13      0x9f3 /home/afrendy/projdb/koding/atinom/modul/TOOLCHAIN/bin/../lib/gcc/arm-elf/4.1.0/../../../../arm-elf/lib/thumb/interwork/libc.a(mbrtowc.o)
 .debug_info    0x00011706      0x98d /home/afrendy/projdb/koding/atinom/modul/TOOLCHAIN/bin/../lib/gcc/arm-elf/4.1.0/../../../../arm-elf/lib/thumb/interwork/libc.a(mbtowc_r.o)
 .debug_info    0x00012093      0x133 /home/afrendy/projdb/koding/atinom/modul/TOOLCHAIN/bin/../lib/gcc/arm-elf/4.1.0/../../../../arm-elf/lib/thumb/interwork/libc.a(memchr.o)
 .debug_info    0x000121c6      0x13f /home/afrendy/projdb/koding/atinom/modul/TOOLCHAIN/bin/../lib/gcc/arm-elf/4.1.0/../../../../arm-elf/lib/thumb/interwork/libc.a(memmove.o)
 .debug_info    0x00012305      0x93c /home/afrendy/projdb/koding/atinom/modul/TOOLCHAIN/bin/../lib/gcc/arm-elf/4.1.0/../../../../arm-elf/lib/thumb/interwork/libc.a(mlock.o)
 .debug_info    0x00012c41     0x1336 /home/afrendy/projdb/koding/atinom/modul/TOOLCHAIN/bin/../lib/gcc/arm-elf/4.1.0/../../../../arm-elf/lib/thumb/interwork/libc.a(mprec.o)
 .debug_info    0x00013f77      0xbc7 /home/afrendy/projdb/koding/atinom/modul/TOOLCHAIN/bin/../lib/gcc/arm-elf/4.1.0/../../../../arm-elf/lib/thumb/interwork/libc.a(reallocr.o)
 .debug_info    0x00014b3e      0x978 /home/afrendy/projdb/koding/atinom/modul/TOOLCHAIN/bin/../lib/gcc/arm-elf/4.1.0/../../../../arm-elf/lib/thumb/interwork/libc.a(refill.o)
 .debug_info    0x000154b6       0xd7 /home/afrendy/projdb/koding/atinom/modul/TOOLCHAIN/bin/../lib/gcc/arm-elf/4.1.0/../../../../arm-elf/lib/thumb/interwork/libc.a(s_isinf.o)
 .debug_info    0x0001558d       0xd5 /home/afrendy/projdb/koding/atinom/modul/TOOLCHAIN/bin/../lib/gcc/arm-elf/4.1.0/../../../../arm-elf/lib/thumb/interwork/libc.a(s_isnan.o)
 .debug_info    0x00015662       0xff /home/afrendy/projdb/koding/atinom/modul/TOOLCHAIN/bin/../lib/gcc/arm-elf/4.1.0/../../../../arm-elf/lib/thumb/interwork/libc.a(sccl.o)
 .debug_info    0x00015761       0xca /home/afrendy/projdb/koding/atinom/modul/TOOLCHAIN/bin/../lib/gcc/arm-elf/4.1.0/../../../../arm-elf/lib/thumb/interwork/libc.a(sf_nan.o)
 .debug_info    0x0001582b      0xa74 /home/afrendy/projdb/koding/atinom/modul/TOOLCHAIN/bin/../lib/gcc/arm-elf/4.1.0/../../../../arm-elf/lib/thumb/interwork/libc.a(stdio.o)
 .debug_info    0x0001629f      0xd28 /home/afrendy/projdb/koding/atinom/modul/TOOLCHAIN/bin/../lib/gcc/arm-elf/4.1.0/../../../../arm-elf/lib/thumb/interwork/libc.a(strtod.o)
 .debug_info    0x00016fc7      0xa09 /home/afrendy/projdb/koding/atinom/modul/TOOLCHAIN/bin/../lib/gcc/arm-elf/4.1.0/../../../../arm-elf/lib/thumb/interwork/libc.a(strtoul.o)
 .debug_info    0x000179d0     0x15d2 /home/afrendy/projdb/koding/atinom/modul/TOOLCHAIN/bin/../lib/gcc/arm-elf/4.1.0/../../../../arm-elf/lib/thumb/interwork/libc.a(syscalls.o)
 .debug_info    0x00018fa2      0x9e4 /home/afrendy/projdb/koding/atinom/modul/TOOLCHAIN/bin/../lib/gcc/arm-elf/4.1.0/../../../../arm-elf/lib/thumb/interwork/libc.a(ungetc.o)
 .debug_info    0x00019986      0xa03 /home/afrendy/projdb/koding/atinom/modul/TOOLCHAIN/bin/../lib/gcc/arm-elf/4.1.0/../../../../arm-elf/lib/thumb/interwork/libc.a(callocr.o)
 .debug_info    0x0001a389      0x913 /home/afrendy/projdb/koding/atinom/modul/TOOLCHAIN/bin/../lib/gcc/arm-elf/4.1.0/../../../../arm-elf/lib/thumb/interwork/libc.a(errno.o)
 .debug_info    0x0001ac9c      0x982 /home/afrendy/projdb/koding/atinom/modul/TOOLCHAIN/bin/../lib/gcc/arm-elf/4.1.0/../../../../arm-elf/lib/thumb/interwork/libc.a(fclose.o)
 .debug_info    0x0001b61e      0x146 /home/afrendy/projdb/koding/atinom/modul/TOOLCHAIN/bin/../lib/gcc/arm-elf/4.1.0/../../../../arm-elf/lib/thumb/interwork/libc.a(s_nan.o)
 .debug_info    0x0001b764       0x88 /home/afrendy/projdb/koding/atinom/modul/TOOLCHAIN/bin/../lib/gcc/arm-elf/4.1.0/thumb/interwork/libgcc.a(_udivsi3.o)
 .debug_info    0x0001b7ec       0x88 /home/afrendy/projdb/koding/atinom/modul/TOOLCHAIN/bin/../lib/gcc/arm-elf/4.1.0/thumb/interwork/libgcc.a(_divsi3.o)